Archive member included to satisfy reference by file (symbol)

libbb/lib.a(appletlib.o)      /usr/local/arm64/gcc-arm-10.3-2021.07-x86_64-aarch64-none-linux-gnu/bin/../aarch64-none-linux-gnu/libc/usr/lib/../lib64/crt1.o (main)
libbb/lib.a(compare_string_array.o)
                              libbb/lib.a(appletlib.o) (is_prefixed_with)
libbb/lib.a(concat_path_file.o)
                              libbb/lib.a(appletlib.o) (concat_path_file)
libbb/lib.a(default_error_retval.o)
                              libbb/lib.a(appletlib.o) (xfunc_error_retval)
libbb/lib.a(get_last_path_component.o)
                              libbb/lib.a(appletlib.o) (bb_basename)
libbb/lib.a(last_char_is.o)   libbb/lib.a(concat_path_file.o) (last_char_is)
libbb/lib.a(llist.o)          libbb/lib.a(appletlib.o) (llist_free)
libbb/lib.a(messages.o)       libbb/lib.a(appletlib.o) (bb_busybox_exec_path)
libbb/lib.a(perror_msg.o)     libbb/lib.a(appletlib.o) (bb_simple_perror_msg)
libbb/lib.a(ptr_to_globals.o)
                              libbb/lib.a(appletlib.o) (bb_errno)
libbb/lib.a(skip_whitespace.o)
                              libbb/lib.a(appletlib.o) (skip_whitespace)
libbb/lib.a(verror_msg.o)     libbb/lib.a(perror_msg.o) (bb_verror_msg)
libbb/lib.a(wfopen.o)         libbb/lib.a(appletlib.o) (fopen_for_read)
libbb/lib.a(xfunc_die.o)      libbb/lib.a(appletlib.o) (xfunc_die)
libbb/lib.a(xfuncs.o)         libbb/lib.a(appletlib.o) (full_write1_str)
libbb/lib.a(xfuncs_printf.o)  libbb/lib.a(wfopen.o) (bb_die_memory_exhausted)
libbb/lib.a(xreadlink.o)      libbb/lib.a(appletlib.o) (xmalloc_readlink)
libbb/lib.a(copyfd.o)         libbb/lib.a(xfuncs_printf.o) (bb_copyfd_eof)
libbb/lib.a(full_write.o)     libbb/lib.a(verror_msg.o) (full_write)
libbb/lib.a(read.o)           libbb/lib.a(copyfd.o) (safe_read)
libbb/lib.a(safe_write.o)     libbb/lib.a(full_write.o) (safe_write)
libbb/lib.a(signals.o)        libbb/lib.a(xfuncs_printf.o) (kill_myself_with_sig)
libbb/lib.a(time.o)           libbb/lib.a(xfuncs_printf.o) (monotonic_us)
libbb/lib.a(xgetcwd.o)        libbb/lib.a(xreadlink.o) (xrealloc_getcwd_or_warn)
libbb/lib.a(bb_strtonum.o)    libbb/lib.a(time.o) (bb_strtoll)
libpwdgrp/lib.a(pwd_grp.o)    libbb/lib.a(appletlib.o) (bb_internal_getpwnam)
libpwdgrp/lib.a(uidgid_get.o)
                              libbb/lib.a(appletlib.o) (get_uidgid)
loginutils/lib.a(add-remove-shell.o)
                              libbb/lib.a(appletlib.o) (add_remove_shell_main)
loginutils/lib.a(addgroup.o)  libbb/lib.a(appletlib.o) (addgroup_main)
loginutils/lib.a(adduser.o)   libbb/lib.a(appletlib.o) (adduser_main)
loginutils/lib.a(chpasswd.o)  libbb/lib.a(appletlib.o) (chpasswd_main)
loginutils/lib.a(cryptpw.o)   libbb/lib.a(appletlib.o) (cryptpw_main)
loginutils/lib.a(deluser.o)   libbb/lib.a(appletlib.o) (deluser_main)
loginutils/lib.a(getty.o)     libbb/lib.a(appletlib.o) (getty_main)
loginutils/lib.a(login.o)     libbb/lib.a(appletlib.o) (login_main)
loginutils/lib.a(passwd.o)    libbb/lib.a(appletlib.o) (passwd_main)
loginutils/lib.a(su.o)        libbb/lib.a(appletlib.o) (su_main)
loginutils/lib.a(sulogin.o)   libbb/lib.a(appletlib.o) (sulogin_main)
loginutils/lib.a(vlock.o)     libbb/lib.a(appletlib.o) (vlock_main)
mailutils/lib.a(makemime.o)   libbb/lib.a(appletlib.o) (makemime_main)
mailutils/lib.a(popmaildir.o)
                              libbb/lib.a(appletlib.o) (popmaildir_main)
mailutils/lib.a(reformime.o)  libbb/lib.a(appletlib.o) (reformime_main)
mailutils/lib.a(sendmail.o)   libbb/lib.a(appletlib.o) (sendmail_main)
mailutils/lib.a(mail.o)       mailutils/lib.a(popmaildir.o) (launch_helper)
miscutils/lib.a(adjtimex.o)   libbb/lib.a(appletlib.o) (adjtimex_main)
miscutils/lib.a(bc.o)         libbb/lib.a(appletlib.o) (bc_main)
miscutils/lib.a(beep.o)       libbb/lib.a(appletlib.o) (beep_main)
miscutils/lib.a(chat.o)       libbb/lib.a(appletlib.o) (chat_main)
miscutils/lib.a(conspy.o)     libbb/lib.a(appletlib.o) (conspy_main)
miscutils/lib.a(crond.o)      libbb/lib.a(appletlib.o) (crond_main)
miscutils/lib.a(crontab.o)    libbb/lib.a(appletlib.o) (crontab_main)
miscutils/lib.a(devmem.o)     libbb/lib.a(appletlib.o) (devmem_main)
miscutils/lib.a(fbsplash.o)   libbb/lib.a(appletlib.o) (fbsplash_main)
miscutils/lib.a(hdparm.o)     libbb/lib.a(appletlib.o) (hdparm_main)
miscutils/lib.a(hexedit.o)    libbb/lib.a(appletlib.o) (hexedit_main)
miscutils/lib.a(i2c_tools.o)  libbb/lib.a(appletlib.o) (i2cget_main)
miscutils/lib.a(less.o)       libbb/lib.a(appletlib.o) (less_main)
miscutils/lib.a(lsscsi.o)     libbb/lib.a(appletlib.o) (lsscsi_main)
miscutils/lib.a(makedevs.o)   libbb/lib.a(appletlib.o) (makedevs_main)
miscutils/lib.a(man.o)        libbb/lib.a(appletlib.o) (man_main)
miscutils/lib.a(microcom.o)   libbb/lib.a(appletlib.o) (microcom_main)
miscutils/lib.a(mt.o)         libbb/lib.a(appletlib.o) (mt_main)
miscutils/lib.a(nandwrite.o)  libbb/lib.a(appletlib.o) (nandwrite_main)
miscutils/lib.a(partprobe.o)  libbb/lib.a(appletlib.o) (partprobe_main)
[...]
Memory Configuration

Name             Origin             Length             Attributes
*default*        0x0000000000000000 0xffffffffffffffff

Linker script and memory map

LOAD /usr/local/arm64/gcc-arm-10.3-2021.07-x86_64-aarch64-none-linux-gnu/bin/../aarch64-none-linux-gnu/libc/usr/lib/../lib64/crt1.o
LOAD /usr/local/arm64/gcc-arm-10.3-2021.07-x86_64-aarch64-none-linux-gnu/bin/../aarch64-none-linux-gnu/libc/usr/lib/../lib64/crti.o
LOAD /usr/local/arm64/gcc-arm-10.3-2021.07-x86_64-aarch64-none-linux-gnu/bin/../lib/gcc/aarch64-none-linux-gnu/10.3.1/crtbegin.o
START GROUP
LOAD applets/built-in.o
LOAD archival/lib.a
LOAD archival/libarchive/lib.a
LOAD console-tools/lib.a
LOAD coreutils/lib.a
LOAD coreutils/libcoreutils/lib.a
LOAD debianutils/lib.a
LOAD klibc-utils/lib.a
LOAD e2fsprogs/lib.a
LOAD editors/lib.a
LOAD findutils/lib.a
LOAD init/lib.a
LOAD libbb/lib.a
LOAD libpwdgrp/lib.a
LOAD loginutils/lib.a
LOAD mailutils/lib.a
LOAD miscutils/lib.a
LOAD modutils/lib.a
LOAD networking/lib.a
LOAD networking/libiproute/lib.a
LOAD networking/udhcp/lib.a
LOAD printutils/lib.a
LOAD procps/lib.a
LOAD runit/lib.a
LOAD selinux/lib.a
LOAD shell/lib.a
LOAD sysklogd/lib.a
LOAD util-linux/lib.a
LOAD util-linux/volume_id/lib.a
LOAD archival/built-in.o
LOAD archival/libarchive/built-in.o
LOAD console-tools/built-in.o
LOAD coreutils/built-in.o
LOAD coreutils/libcoreutils/built-in.o
LOAD debianutils/built-in.o
LOAD klibc-utils/built-in.o
LOAD e2fsprogs/built-in.o
LOAD editors/built-in.o
LOAD findutils/built-in.o
LOAD init/built-in.o
LOAD libbb/built-in.o
LOAD libpwdgrp/built-in.o
LOAD loginutils/built-in.o
LOAD mailutils/built-in.o
LOAD miscutils/built-in.o
LOAD modutils/built-in.o
LOAD networking/built-in.o
LOAD networking/libiproute/built-in.o
LOAD networking/udhcp/built-in.o
LOAD printutils/built-in.o
LOAD procps/built-in.o
LOAD runit/built-in.o
LOAD selinux/built-in.o
LOAD shell/built-in.o
LOAD sysklogd/built-in.o
LOAD util-linux/built-in.o
LOAD util-linux/volume_id/built-in.o
END GROUP
START GROUP
LOAD /usr/local/arm64/gcc-arm-10.3-2021.07-x86_64-aarch64-none-linux-gnu/bin/../aarch64-none-linux-gnu/libc/usr/lib/../lib64/libm.so
LOAD /usr/local/arm64/gcc-arm-10.3-2021.07-x86_64-aarch64-none-linux-gnu/bin/../aarch64-none-linux-gnu/libc/usr/lib/../lib64/libresolv.so
END GROUP
LOAD /usr/local/arm64/gcc-arm-10.3-2021.07-x86_64-aarch64-none-linux-gnu/bin/../lib/gcc/aarch64-none-linux-gnu/10.3.1/libgcc.a
LOAD /usr/local/arm64/gcc-arm-10.3-2021.07-x86_64-aarch64-none-linux-gnu/bin/../lib/gcc/aarch64-none-linux-gnu/10.3.1/libgcc_eh.a
LOAD /usr/local/arm64/gcc-arm-10.3-2021.07-x86_64-aarch64-none-linux-gnu/bin/../aarch64-none-linux-gnu/libc/usr/lib/../lib64/libc.so
START GROUP
LOAD /usr/local/arm64/gcc-arm-10.3-2021.07-x86_64-aarch64-none-linux-gnu/bin/../aarch64-none-linux-gnu/libc/lib64/libc.so.6
LOAD /usr/local/arm64/gcc-arm-10.3-2021.07-x86_64-aarch64-none-linux-gnu/bin/../aarch64-none-linux-gnu/libc/usr/lib64/libc_nonshared.a
LOAD /usr/local/arm64/gcc-arm-10.3-2021.07-x86_64-aarch64-none-linux-gnu/bin/../aarch64-none-linux-gnu/libc/lib/ld-linux-aarch64.so.1
END GROUP
LOAD /usr/local/arm64/gcc-arm-10.3-2021.07-x86_64-aarch64-none-linux-gnu/bin/../lib/gcc/aarch64-none-linux-gnu/10.3.1/libgcc.a
LOAD /usr/local/arm64/gcc-arm-10.3-2021.07-x86_64-aarch64-none-linux-gnu/bin/../lib/gcc/aarch64-none-linux-gnu/10.3.1/libgcc_eh.a
LOAD /usr/local/arm64/gcc-arm-10.3-2021.07-x86_64-aarch64-none-linux-gnu/bin/../lib/gcc/aarch64-none-linux-gnu/10.3.1/crtend.o
LOAD /usr/local/arm64/gcc-arm-10.3-2021.07-x86_64-aarch64-none-linux-gnu/bin/../aarch64-none-linux-gnu/libc/usr/lib/../lib64/crtn.o
                [!provide]                        PROVIDE (__executable_start = SEGMENT_START ("text-segment", 0x400000))
                0x0000000000400238                . = (SEGMENT_START ("text-segment", 0x400000) + SIZEOF_HEADERS)

.interp         0x0000000000400238       0x1b
 *(SORT_BY_ALIGNMENT(.interp))
 .interp        0x0000000000400238       0x1b /usr/local/arm64/gcc-arm-10.3-2021.07-x86_64-aarch64-none-linux-gnu/bin/../aarch64-none-linux-gnu/libc/usr/lib/../lib64/crt1.o

.note.ABI-tag   0x0000000000400254       0x20
 .note.ABI-tag  0x0000000000400254       0x20 /usr/local/arm64/gcc-arm-10.3-2021.07-x86_64-aarch64-none-linux-gnu/bin/../aarch64-none-linux-gnu/libc/usr/lib/../lib64/crt1.o

.note.gnu.build-id
 *(SORT_BY_ALIGNMENT(.note.gnu.build-id))

.hash           0x0000000000400278      0xa5c
 *(SORT_BY_ALIGNMENT(.hash))
 .hash          0x0000000000400278      0xa5c /usr/local/arm64/gcc-arm-10.3-2021.07-x86_64-aarch64-none-linux-gnu/bin/../aarch64-none-linux-gnu/libc/usr/lib/../lib64/crt1.o

.gnu.hash       0x0000000000400cd8       0xe4
 *(SORT_BY_ALIGNMENT(.gnu.hash))
 .gnu.hash      0x0000000000400cd8       0xe4 /usr/local/arm64/gcc-arm-10.3-2021.07-x86_64-aarch64-none-linux-gnu/bin/../aarch64-none-linux-gnu/libc/usr/lib/../lib64/crt1.o

.dynsym         0x0000000000400dc0     0x2550
 *(SORT_BY_ALIGNMENT(.dynsym))
 .dynsym        0x0000000000400dc0     0x2550 /usr/local/arm64/gcc-arm-10.3-2021.07-x86_64-aarch64-none-linux-gnu/bin/../aarch64-none-linux-gnu/libc/usr/lib/../lib64/crt1.o

.dynstr         0x0000000000403310      0xd80
 *(SORT_BY_ALIGNMENT(.dynstr))
 .dynstr        0x0000000000403310      0xd80 /usr/local/arm64/gcc-arm-10.3-2021.07-x86_64-aarch64-none-linux-gnu/bin/../aarch64-none-linux-gnu/libc/usr/lib/../lib64/crt1.o

.gnu.version    0x0000000000404090      0x31c
 *(SORT_BY_ALIGNMENT(.gnu.version))
 .gnu.version   0x0000000000404090      0x31c /usr/local/arm64/gcc-arm-10.3-2021.07-x86_64-aarch64-none-linux-gnu/bin/../aarch64-none-linux-gnu/libc/usr/lib/../lib64/crt1.o

.gnu.version_d  0x00000000004043b0        0x0
 *(SORT_BY_ALIGNMENT(.gnu.version_d))
 .gnu.version_d
                0x00000000004043b0        0x0 /usr/local/arm64/gcc-arm-10.3-2021.07-x86_64-aarch64-none-linux-gnu/bin/../aarch64-none-linux-gnu/libc/usr/lib/../lib64/crt1.o

.gnu.version_r  0x00000000004043b0       0xa0
 *(SORT_BY_ALIGNMENT(.gnu.version_r))
 .gnu.version_r
                0x00000000004043b0       0xa0 /usr/local/arm64/gcc-arm-10.3-2021.07-x86_64-aarch64-none-linux-gnu/bin/../aarch64-none-linux-gnu/libc/usr/lib/../lib64/crt1.o

.rela.dyn       0x0000000000404450       0xd8
 *(SORT_BY_ALIGNMENT(.rela.init))
 *(SORT_BY_ALIGNMENT(.rela.text) SORT_BY_ALIGNMENT(.rela.text.*) SORT_BY_ALIGNMENT(.rela.gnu.linkonce.t.*))
 .rela.text.run_applet_and_exit
                0x0000000000404450        0x0 /usr/local/arm64/gcc-arm-10.3-2021.07-x86_64-aarch64-none-linux-gnu/bin/../aarch64-none-linux-gnu/libc/usr/lib/../lib64/crt1.o
 .rela.text.die_if_ferror_stdout
                0x0000000000404450        0x0 /usr/local/arm64/gcc-arm-10.3-2021.07-x86_64-aarch64-none-linux-gnu/bin/../aarch64-none-linux-gnu/libc/usr/lib/../lib64/crt1.o
 .rela.text.add_remove_shell_main
                0x0000000000404450        0x0 /usr/local/arm64/gcc-arm-10.3-2021.07-x86_64-aarch64-none-linux-gnu/bin/../aarch64-none-linux-gnu/libc/usr/lib/../lib64/crt1.o
 .rela.text.addgroup_main
                0x0000000000404450        0x0 /usr/local/arm64/gcc-arm-10.3-2021.07-x86_64-aarch64-none-linux-gnu/bin/../aarch64-none-linux-gnu/libc/usr/lib/../lib64/crt1.o
 .rela.text.adduser_main
                0x0000000000404450        0x0 /usr/local/arm64/gcc-arm-10.3-2021.07-x86_64-aarch64-none-linux-gnu/bin/../aarch64-none-linux-gnu/libc/usr/lib/../lib64/crt1.o
 .rela.text.chpasswd_main
                0x0000000000404450        0x0 /usr/local/arm64/gcc-arm-10.3-2021.07-x86_64-aarch64-none-linux-gnu/bin/../aarch64-none-linux-gnu/libc/usr/lib/../lib64/crt1.o
 .rela.text.cryptpw_main
                0x0000000000404450        0x0 /usr/local/arm64/gcc-arm-10.3-2021.07-x86_64-aarch64-none-linux-gnu/bin/../aarch64-none-linux-gnu/libc/usr/lib/../lib64/crt1.o
 .rela.text.getty_main
                0x0000000000404450        0x0 /usr/local/arm64/gcc-arm-10.3-2021.07-x86_64-aarch64-none-linux-gnu/bin/../aarch64-none-linux-gnu/libc/usr/lib/../lib64/crt1.o
 .rela.text.login_main
                0x0000000000404450        0x0 /usr/local/arm64/gcc-arm-10.3-2021.07-x86_64-aarch64-none-linux-gnu/bin/../aarch64-none-linux-gnu/libc/usr/lib/../lib64/crt1.o
 .rela.text.passwd_main
                0x0000000000404450        0x0 /usr/local/arm64/gcc-arm-10.3-2021.07-x86_64-aarch64-none-linux-gnu/bin/../aarch64-none-linux-gnu/libc/usr/lib/../lib64/crt1.o
 .rela.text.su_main
                0x0000000000404450        0x0 /usr/local/arm64/gcc-arm-10.3-2021.07-x86_64-aarch64-none-linux-gnu/bin/../aarch64-none-linux-gnu/libc/usr/lib/../lib64/crt1.o
 .rela.text.sulogin_main
                0x0000000000404450        0x0 /usr/local/arm64/gcc-arm-10.3-2021.07-x86_64-aarch64-none-linux-gnu/bin/../aarch64-none-linux-gnu/libc/usr/lib/../lib64/crt1.o
 .rela.text.makemime_main
                0x0000000000404450        0x0 /usr/local/arm64/gcc-arm-10.3-2021.07-x86_64-aarch64-none-linux-gnu/bin/../aarch64-none-linux-gnu/libc/usr/lib/../lib64/crt1.o
 .rela.text.pop3_checkr
                0x0000000000404450        0x0 /usr/local/arm64/gcc-arm-10.3-2021.07-x86_64-aarch64-none-linux-gnu/bin/../aarch64-none-linux-gnu/libc/usr/lib/../lib64/crt1.o
 .rela.text.popmaildir_main
                0x0000000000404450        0x0 /usr/local/arm64/gcc-arm-10.3-2021.07-x86_64-aarch64-none-linux-gnu/bin/../aarch64-none-linux-gnu/libc/usr/lib/../lib64/crt1.o
 .rela.text.parse
                0x0000000000404450        0x0 /usr/local/arm64/gcc-arm-10.3-2021.07-x86_64-aarch64-none-linux-gnu/bin/../aarch64-none-linux-gnu/libc/usr/lib/../lib64/crt1.o
 .rela.text.reformime_main
                0x0000000000404450        0x0 /usr/local/arm64/gcc-arm-10.3-2021.07-x86_64-aarch64-none-linux-gnu/bin/../aarch64-none-linux-gnu/libc/usr/lib/../lib64/crt1.o
 .rela.text.smtp_checkp
                0x0000000000404450        0x0 /usr/local/arm64/gcc-arm-10.3-2021.07-x86_64-aarch64-none-linux-gnu/bin/../aarch64-none-linux-gnu/libc/usr/lib/../lib64/crt1.o
 .rela.text.sendmail_main
                0x0000000000404450        0x0 /usr/local/arm64/gcc-arm-10.3-2021.07-x86_64-aarch64-none-linux-gnu/bin/../aarch64-none-linux-gnu/libc/usr/lib/../lib64/crt1.o
 .rela.text.encode_n_base64
                0x0000000000404450        0x0 /usr/local/arm64/gcc-arm-10.3-2021.07-x86_64-aarch64-none-linux-gnu/bin/../aarch64-none-linux-gnu/libc/usr/lib/../lib64/crt1.o
 .rela.text.bc_args
                0x0000000000404450        0x0 /usr/local/arm64/gcc-arm-10.3-2021.07-x86_64-aarch64-none-linux-gnu/bin/../aarch64-none-linux-gnu/libc/usr/lib/../lib64/crt1.o
 .rela.text.fflush_and_check
                0x0000000000404450        0x0 /usr/local/arm64/gcc-arm-10.3-2021.07-x86_64-aarch64-none-linux-gnu/bin/../aarch64-none-linux-gnu/libc/usr/lib/../lib64/crt1.o
 .rela.text.quit
                0x0000000000404450        0x0 /usr/local/arm64/gcc-arm-10.3-2021.07-x86_64-aarch64-none-linux-gnu/bin/../aarch64-none-linux-gnu/libc/usr/lib/../lib64/crt1.o
 .rela.text.xc_read_line
                0x0000000000404450        0x0 /usr/local/arm64/gcc-arm-10.3-2021.07-x86_64-aarch64-none-linux-gnu/bin/../aarch64-none-linux-gnu/libc/usr/lib/../lib64/crt1.o
 .rela.text.zxc_vm_process
                0x0000000000404450        0x0 /usr/local/arm64/gcc-arm-10.3-2021.07-x86_64-aarch64-none-linux-gnu/bin/../aarch64-none-linux-gnu/libc/usr/lib/../lib64/crt1.o
 .rela.text.zxc_vm_execute_FILE
                0x0000000000404450        0x0 /usr/local/arm64/gcc-arm-10.3-2021.07-x86_64-aarch64-none-linux-gnu/bin/../aarch64-none-linux-gnu/libc/usr/lib/../lib64/crt1.o
 .rela.text.zxc_vm_exec
                0x0000000000404450        0x0 /usr/local/arm64/gcc-arm-10.3-2021.07-x86_64-aarch64-none-linux-gnu/bin/../aarch64-none-linux-gnu/libc/usr/lib/../lib64/crt1.o
 .rela.text.dc_main
                0x0000000000404450        0x0 /usr/local/arm64/gcc-arm-10.3-2021.07-x86_64-aarch64-none-linux-gnu/bin/../aarch64-none-linux-gnu/libc/usr/lib/../lib64/crt1.o
 .rela.text.beep_main
                0x0000000000404450        0x0 /usr/local/arm64/gcc-arm-10.3-2021.07-x86_64-aarch64-none-linux-gnu/bin/../aarch64-none-linux-gnu/libc/usr/lib/../lib64/crt1.o
 .rela.text.chat_main
                0x0000000000404450        0x0 /usr/local/arm64/gcc-arm-10.3-2021.07-x86_64-aarch64-none-linux-gnu/bin/../aarch64-none-linux-gnu/libc/usr/lib/../lib64/crt1.o
 .rela.text.putcsi
                0x0000000000404450        0x0 /usr/local/arm64/gcc-arm-10.3-2021.07-x86_64-aarch64-none-linux-gnu/bin/../aarch64-none-linux-gnu/libc/usr/lib/../lib64/crt1.o
 .rela.text.conspy_main
                0x0000000000404450        0x0 /usr/local/arm64/gcc-arm-10.3-2021.07-x86_64-aarch64-none-linux-gnu/bin/../aarch64-none-linux-gnu/libc/usr/lib/../lib64/crt1.o
 .rela.text.ParseField
                0x0000000000404450        0x0 /usr/local/arm64/gcc-arm-10.3-2021.07-x86_64-aarch64-none-linux-gnu/bin/../aarch64-none-linux-gnu/libc/usr/lib/../lib64/crt1.o
 .rela.text.crontab_main
                0x0000000000404450        0x0 /usr/local/arm64/gcc-arm-10.3-2021.07-x86_64-aarch64-none-linux-gnu/bin/../aarch64-none-linux-gnu/libc/usr/lib/../lib64/crt1.o
 .rela.text.fbsplash_main
                0x0000000000404450        0x0 /usr/local/arm64/gcc-arm-10.3-2021.07-x86_64-aarch64-none-linux-gnu/bin/../aarch64-none-linux-gnu/libc/usr/lib/../lib64/crt1.o
 .rela.text.parse_opts
                0x0000000000404450        0x0 /usr/local/arm64/gcc-arm-10.3-2021.07-x86_64-aarch64-none-linux-gnu/bin/../aarch64-none-linux-gnu/libc/usr/lib/../lib64/crt1.o
 .rela.text.hdparm_main
                0x0000000000404450        0x0 /usr/local/arm64/gcc-arm-10.3-2021.07-x86_64-aarch64-none-linux-gnu/bin/../aarch64-none-linux-gnu/libc/usr/lib/../lib64/crt1.o
 .rela.text.hexedit_main
                0x0000000000404450        0x0 /usr/local/arm64/gcc-arm-10.3-2021.07-x86_64-aarch64-none-linux-gnu/bin/../aarch64-none-linux-gnu/libc/usr/lib/../lib64/crt1.o
 .rela.text.confirm_or_abort
                0x0000000000404450        0x0 /usr/local/arm64/gcc-arm-10.3-2021.07-x86_64-aarch64-none-linux-gnu/bin/../aarch64-none-linux-gnu/libc/usr/lib/../lib64/crt1.o
 .rela.text.i2cget_main
                0x0000000000404450        0x0 /usr/local/arm64/gcc-arm-10.3-2021.07-x86_64-aarch64-none-linux-gnu/bin/../aarch64-none-linux-gnu/libc/usr/lib/../lib64/crt1.o
 .rela.text.i2cset_main
                0x0000000000404450        0x0 /usr/local/arm64/gcc-arm-10.3-2021.07-x86_64-aarch64-none-linux-gnu/bin/../aarch64-none-linux-gnu/libc/usr/lib/../lib64/crt1.o
 .rela.text.i2cdump_main
                0x0000000000404450        0x0 /usr/local/arm64/gcc-arm-10.3-2021.07-x86_64-aarch64-none-linux-gnu/bin/../aarch64-none-linux-gnu/libc/usr/lib/../lib64/crt1.o
 .rela.text.i2cdetect_main
                0x0000000000404450        0x0 /usr/local/arm64/gcc-arm-10.3-2021.07-x86_64-aarch64-none-linux-gnu/bin/../aarch64-none-linux-gnu/libc/usr/lib/../lib64/crt1.o
 .rela.text.i2ctransfer_main
                0x0000000000404450        0x0 /usr/local/arm64/gcc-arm-10.3-2021.07-x86_64-aarch64-none-linux-gnu/bin/../aarch64-none-linux-gnu/libc/usr/lib/../lib64/crt1.o
 .rela.text.less_main
                0x0000000000404450        0x0 /usr/local/arm64/gcc-arm-10.3-2021.07-x86_64-aarch64-none-linux-gnu/bin/../aarch64-none-linux-gnu/libc/usr/lib/../lib64/crt1.o
 .rela.text.makedevs_main
                0x0000000000404450        0x0 /usr/local/arm64/gcc-arm-10.3-2021.07-x86_64-aarch64-none-linux-gnu/bin/../aarch64-none-linux-gnu/libc/usr/lib/../lib64/crt1.o
 .rela.text.man_main
                0x0000000000404450        0x0 /usr/local/arm64/gcc-arm-10.3-2021.07-x86_64-aarch64-none-linux-gnu/bin/../aarch64-none-linux-gnu/libc/usr/lib/../lib64/crt1.o
 .rela.text.microcom_main
                0x0000000000404450        0x0 /usr/local/arm64/gcc-arm-10.3-2021.07-x86_64-aarch64-none-linux-gnu/bin/../aarch64-none-linux-gnu/libc/usr/lib/../lib64/crt1.o
 .rela.text.nandwrite_main
                0x0000000000404450        0x0 /usr/local/arm64/gcc-arm-10.3-2021.07-x86_64-aarch64-none-linux-gnu/bin/../aarch64-none-linux-gnu/libc/usr/lib/../lib64/crt1.o
 .rela.text.partprobe_main
                0x0000000000404450        0x0 /usr/local/arm64/gcc-arm-10.3-2021.07-x86_64-aarch64-none-linux-gnu/bin/../aarch64-none-linux-gnu/libc/usr/lib/../lib64/crt1.o
 .rela.text.setfattr_main
                0x0000000000404450        0x0 /usr/local/arm64/gcc-arm-10.3-2021.07-x86_64-aarch64-none-linux-gnu/bin/../aarch64-none-linux-gnu/libc/usr/lib/../lib64/crt1.o
 .rela.text.setserial_main
                0x0000000000404450        0x0 /usr/local/arm64/gcc-arm-10.3-2021.07-x86_64-aarch64-none-linux-gnu/bin/../aarch64-none-linux-gnu/libc/usr/lib/../lib64/crt1.o
 .rela.text.strings_main
                0x0000000000404450        0x0 /usr/local/arm64/gcc-arm-10.3-2021.07-x86_64-aarch64-none-linux-gnu/bin/../aarch64-none-linux-gnu/libc/usr/lib/../lib64/crt1.o
 .rela.text.time_main
                0x0000000000404450        0x0 /usr/local/arm64/gcc-arm-10.3-2021.07-x86_64-aarch64-none-linux-gnu/bin/../aarch64-none-linux-gnu/libc/usr/lib/../lib64/crt1.o
 .rela.text.ts_main
                0x0000000000404450        0x0 /usr/local/arm64/gcc-arm-10.3-2021.07-x86_64-aarch64-none-linux-gnu/bin/../aarch64-none-linux-gnu/libc/usr/lib/../lib64/crt1.o
 .rela.text.ubi_tools_main
                0x0000000000404450        0x0 /usr/local/arm64/gcc-arm-10.3-2021.07-x86_64-aarch64-none-linux-gnu/bin/../aarch64-none-linux-gnu/libc/usr/lib/../lib64/crt1.o
 .rela.text.watchdog_main
                0x0000000000404450        0x0 /usr/local/arm64/gcc-arm-10.3-2021.07-x86_64-aarch64-none-linux-gnu/bin/../aarch64-none-linux-gnu/libc/usr/lib/../lib64/crt1.o
 .rela.text.depmod_main
                0x0000000000404450        0x0 /usr/local/arm64/gcc-arm-10.3-2021.07-x86_64-aarch64-none-linux-gnu/bin/../aarch64-none-linux-gnu/libc/usr/lib/../lib64/crt1.o
 .rela.text.modinfo_main
                0x0000000000404450        0x0 /usr/local/arm64/gcc-arm-10.3-2021.07-x86_64-aarch64-none-linux-gnu/bin/../aarch64-none-linux-gnu/libc/usr/lib/../lib64/crt1.o
 .rela.text.modprobe_main
                0x0000000000404450        0x0 /usr/local/arm64/gcc-arm-10.3-2021.07-x86_64-aarch64-none-linux-gnu/bin/../aarch64-none-linux-gnu/libc/usr/lib/../lib64/crt1.o
 .rela.text.rmmod_main
                0x0000000000404450        0x0 /usr/local/arm64/gcc-arm-10.3-2021.07-x86_64-aarch64-none-linux-gnu/bin/../aarch64-none-linux-gnu/libc/usr/lib/../lib64/crt1.o
 .rela.text.arp_main
                0x0000000000404450        0x0 /usr/local/arm64/gcc-arm-10.3-2021.07-x86_64-aarch64-none-linux-gnu/bin/../aarch64-none-linux-gnu/libc/usr/lib/../lib64/crt1.o
 .rela.text.arping_main
                0x0000000000404450        0x0 /usr/local/arm64/gcc-arm-10.3-2021.07-x86_64-aarch64-none-linux-gnu/bin/../aarch64-none-linux-gnu/libc/usr/lib/../lib64/crt1.o
 .rela.text.show_bridge
                0x0000000000404450        0x0 /usr/local/arm64/gcc-arm-10.3-2021.07-x86_64-aarch64-none-linux-gnu/bin/../aarch64-none-linux-gnu/libc/usr/lib/../lib64/crt1.o
 .rela.text.ether_wake_main
                0x0000000000404450        0x0 /usr/local/arm64/gcc-arm-10.3-2021.07-x86_64-aarch64-none-linux-gnu/bin/../aarch64-none-linux-gnu/libc/usr/lib/../lib64/crt1.o
 .rela.text.cmdio_get_cmd_and_arg
                0x0000000000404450        0x0 /usr/local/arm64/gcc-arm-10.3-2021.07-x86_64-aarch64-none-linux-gnu/bin/../aarch64-none-linux-gnu/libc/usr/lib/../lib64/crt1.o
 .rela.text.ftpd_main
                0x0000000000404450        0x0 /usr/local/arm64/gcc-arm-10.3-2021.07-x86_64-aarch64-none-linux-gnu/bin/../aarch64-none-linux-gnu/libc/usr/lib/../lib64/crt1.o
 .rela.text.ftpgetput_main
                0x0000000000404450        0x0 /usr/local/arm64/gcc-arm-10.3-2021.07-x86_64-aarch64-none-linux-gnu/bin/../aarch64-none-linux-gnu/libc/usr/lib/../lib64/crt1.o
 .rela.text.hostname_main
                0x0000000000404450        0x0 /usr/local/arm64/gcc-arm-10.3-2021.07-x86_64-aarch64-none-linux-gnu/bin/../aarch64-none-linux-gnu/libc/usr/lib/../lib64/crt1.o
 .rela.text.httpd_main
                0x0000000000404450        0x0 /usr/local/arm64/gcc-arm-10.3-2021.07-x86_64-aarch64-none-linux-gnu/bin/../aarch64-none-linux-gnu/libc/usr/lib/../lib64/crt1.o
 .rela.text.ifenslave_main
                0x0000000000404450        0x0 /usr/local/arm64/gcc-arm-10.3-2021.07-x86_64-aarch64-none-linux-gnu/bin/../aarch64-none-linux-gnu/libc/usr/lib/../lib64/crt1.o
 .rela.text.ifupdown_main
                0x0000000000404450        0x0 /usr/local/arm64/gcc-arm-10.3-2021.07-x86_64-aarch64-none-linux-gnu/bin/../aarch64-none-linux-gnu/libc/usr/lib/../lib64/crt1.o
 .rela.text.inetd_main
                0x0000000000404450        0x0 /usr/local/arm64/gcc-arm-10.3-2021.07-x86_64-aarch64-none-linux-gnu/bin/../aarch64-none-linux-gnu/libc/usr/lib/../lib64/crt1.o
 .rela.text.ipcalc_main
                0x0000000000404450        0x0 /usr/local/arm64/gcc-arm-10.3-2021.07-x86_64-aarch64-none-linux-gnu/bin/../aarch64-none-linux-gnu/libc/usr/lib/../lib64/crt1.o
 .rela.text.fakeidentd_main
                0x0000000000404450        0x0 /usr/local/arm64/gcc-arm-10.3-2021.07-x86_64-aarch64-none-linux-gnu/bin/../aarch64-none-linux-gnu/libc/usr/lib/../lib64/crt1.o
 .rela.text.nameif_main
                0x0000000000404450        0x0 /usr/local/arm64/gcc-arm-10.3-2021.07-x86_64-aarch64-none-linux-gnu/bin/../aarch64-none-linux-gnu/libc/usr/lib/../lib64/crt1.o
 .rela.text.nbdclient_main
                0x0000000000404450        0x0 /usr/local/arm64/gcc-arm-10.3-2021.07-x86_64-aarch64-none-linux-gnu/bin/../aarch64-none-linux-gnu/libc/usr/lib/../lib64/crt1.o
 .rela.text.catch
                0x0000000000404450        0x0 /usr/local/arm64/gcc-arm-10.3-2021.07-x86_64-aarch64-none-linux-gnu/bin/../aarch64-none-linux-gnu/libc/usr/lib/../lib64/crt1.o
 .rela.text.readwrite
                0x0000000000404450        0x0 /usr/local/arm64/gcc-arm-10.3-2021.07-x86_64-aarch64-none-linux-gnu/bin/../aarch64-none-linux-gnu/libc/usr/lib/../lib64/crt1.o
 .rela.text.dolisten
                0x0000000000404450        0x0 /usr/local/arm64/gcc-arm-10.3-2021.07-x86_64-aarch64-none-linux-gnu/bin/../aarch64-none-linux-gnu/libc/usr/lib/../lib64/crt1.o
 .rela.text.nc_main
                0x0000000000404450        0x0 /usr/local/arm64/gcc-arm-10.3-2021.07-x86_64-aarch64-none-linux-gnu/bin/../aarch64-none-linux-gnu/libc/usr/lib/../lib64/crt1.o
 .rela.text.unix_do_one
                0x0000000000404450        0x0 /usr/local/arm64/gcc-arm-10.3-2021.07-x86_64-aarch64-none-linux-gnu/bin/../aarch64-none-linux-gnu/libc/usr/lib/../lib64/crt1.o
 .rela.text.common_ping_main.isra.0
                0x0000000000404450        0x0 /usr/local/arm64/gcc-arm-10.3-2021.07-x86_64-aarch64-none-linux-gnu/bin/../aarch64-none-linux-gnu/libc/usr/lib/../lib64/crt1.o
 .rela.text.pscan_main
                0x0000000000404450        0x0 /usr/local/arm64/gcc-arm-10.3-2021.07-x86_64-aarch64-none-linux-gnu/bin/../aarch64-none-linux-gnu/libc/usr/lib/../lib64/crt1.o
 .rela.text.route_main
                0x0000000000404450        0x0 /usr/local/arm64/gcc-arm-10.3-2021.07-x86_64-aarch64-none-linux-gnu/bin/../aarch64-none-linux-gnu/libc/usr/lib/../lib64/crt1.o
 .rela.text.slattach_main
                0x0000000000404450        0x0 /usr/local/arm64/gcc-arm-10.3-2021.07-x86_64-aarch64-none-linux-gnu/bin/../aarch64-none-linux-gnu/libc/usr/lib/../lib64/crt1.o
 .rela.text.tcpudpsvd_main
                0x0000000000404450        0x0 /usr/local/arm64/gcc-arm-10.3-2021.07-x86_64-aarch64-none-linux-gnu/bin/../aarch64-none-linux-gnu/libc/usr/lib/../lib64/crt1.o
 .rela.text.telnet_main
                0x0000000000404450        0x0 /usr/local/arm64/gcc-arm-10.3-2021.07-x86_64-aarch64-none-linux-gnu/bin/../aarch64-none-linux-gnu/libc/usr/lib/../lib64/crt1.o
 .rela.text.tftp_main
                0x0000000000404450        0x0 /usr/local/arm64/gcc-arm-10.3-2021.07-x86_64-aarch64-none-linux-gnu/bin/../aarch64-none-linux-gnu/libc/usr/lib/../lib64/crt1.o
 .rela.text.tftpd_main
                0x0000000000404450        0x0 /usr/local/arm64/gcc-arm-10.3-2021.07-x86_64-aarch64-none-linux-gnu/bin/../aarch64-none-linux-gnu/libc/usr/lib/../lib64/crt1.o
 .rela.text.bad_record_die
                0x0000000000404450        0x0 /usr/local/arm64/gcc-arm-10.3-2021.07-x86_64-aarch64-none-linux-gnu/bin/../aarch64-none-linux-gnu/libc/usr/lib/../lib64/crt1.o
 .rela.text.traceroute_init
                0x0000000000404450        0x0 /usr/local/arm64/gcc-arm-10.3-2021.07-x86_64-aarch64-none-linux-gnu/bin/../aarch64-none-linux-gnu/libc/usr/lib/../lib64/crt1.o
 .rela.text.fgets_trim_sanitize
                0x0000000000404450        0x0 /usr/local/arm64/gcc-arm-10.3-2021.07-x86_64-aarch64-none-linux-gnu/bin/../aarch64-none-linux-gnu/libc/usr/lib/../lib64/crt1.o
 .rela.text.retrieve_file_data
                0x0000000000404450        0x0 /usr/local/arm64/gcc-arm-10.3-2021.07-x86_64-aarch64-none-linux-gnu/bin/../aarch64-none-linux-gnu/libc/usr/lib/../lib64/crt1.o
 .rela.text.ftpcmd
                0x0000000000404450        0x0 /usr/local/arm64/gcc-arm-10.3-2021.07-x86_64-aarch64-none-linux-gnu/bin/../aarch64-none-linux-gnu/libc/usr/lib/../lib64/crt1.o
 .rela.text.wget_main
                0x0000000000404450        0x0 /usr/local/arm64/gcc-arm-10.3-2021.07-x86_64-aarch64-none-linux-gnu/bin/../aarch64-none-linux-gnu/libc/usr/lib/../lib64/crt1.o
 .rela.text.whois_main
                0x0000000000404450        0x0 /usr/local/arm64/gcc-arm-10.3-2021.07-x86_64-aarch64-none-linux-gnu/bin/../aarch64-none-linux-gnu/libc/usr/lib/../lib64/crt1.o
 .rela.text.zcip_main
                0x0000000000404450        0x0 /usr/local/arm64/gcc-arm-10.3-2021.07-x86_64-aarch64-none-linux-gnu/bin/../aarch64-none-linux-gnu/libc/usr/lib/../lib64/crt1.o
 .rela.text.print_addrinfo
                0x0000000000404450        0x0 /usr/local/arm64/gcc-arm-10.3-2021.07-x86_64-aarch64-none-linux-gnu/bin/../aarch64-none-linux-gnu/libc/usr/lib/../lib64/crt1.o
 .rela.text.print_linkinfo
                0x0000000000404450        0x0 /usr/local/arm64/gcc-arm-10.3-2021.07-x86_64-aarch64-none-linux-gnu/bin/../aarch64-none-linux-gnu/libc/usr/lib/../lib64/crt1.o
 .rela.text.ipaddr_modify
                0x0000000000404450        0x0 /usr/local/arm64/gcc-arm-10.3-2021.07-x86_64-aarch64-none-linux-gnu/bin/../aarch64-none-linux-gnu/libc/usr/lib/../lib64/crt1.o
 .rela.text.print_route
                0x0000000000404450        0x0 /usr/local/arm64/gcc-arm-10.3-2021.07-x86_64-aarch64-none-linux-gnu/bin/../aarch64-none-linux-gnu/libc/usr/lib/../lib64/crt1.o
 .rela.text.print_rule
                0x0000000000404450        0x0 /usr/local/arm64/gcc-arm-10.3-2021.07-x86_64-aarch64-none-linux-gnu/bin/../aarch64-none-linux-gnu/libc/usr/lib/../lib64/crt1.o
 .rela.text.udhcpd_main
                0x0000000000404450        0x0 /usr/local/arm64/gcc-arm-10.3-2021.07-x86_64-aarch64-none-linux-gnu/bin/../aarch64-none-linux-gnu/libc/usr/lib/../lib64/crt1.o
 .rela.text.dumpleases_main
                0x0000000000404450        0x0 /usr/local/arm64/gcc-arm-10.3-2021.07-x86_64-aarch64-none-linux-gnu/bin/../aarch64-none-linux-gnu/libc/usr/lib/../lib64/crt1.o
 .rela.text.lpqr_main
                0x0000000000404450        0x0 /usr/local/arm64/gcc-arm-10.3-2021.07-x86_64-aarch64-none-linux-gnu/bin/../aarch64-none-linux-gnu/libc/usr/lib/../lib64/crt1.o
 .rela.text.fuser_main
                0x0000000000404450        0x0 /usr/local/arm64/gcc-arm-10.3-2021.07-x86_64-aarch64-none-linux-gnu/bin/../aarch64-none-linux-gnu/libc/usr/lib/../lib64/crt1.o
 .rela.text.iostat_main
                0x0000000000404450        0x0 /usr/local/arm64/gcc-arm-10.3-2021.07-x86_64-aarch64-none-linux-gnu/bin/../aarch64-none-linux-gnu/libc/usr/lib/../lib64/crt1.o
 .rela.text.mpstat_main
                0x0000000000404450        0x0 /usr/local/arm64/gcc-arm-10.3-2021.07-x86_64-aarch64-none-linux-gnu/bin/../aarch64-none-linux-gnu/libc/usr/lib/../lib64/crt1.o
 .rela.text.nmeter_main
                0x0000000000404450        0x0 /usr/local/arm64/gcc-arm-10.3-2021.07-x86_64-aarch64-none-linux-gnu/bin/../aarch64-none-linux-gnu/libc/usr/lib/../lib64/crt1.o
 .rela.text.pgrep_main
                0x0000000000404450        0x0 /usr/local/arm64/gcc-arm-10.3-2021.07-x86_64-aarch64-none-linux-gnu/bin/../aarch64-none-linux-gnu/libc/usr/lib/../lib64/crt1.o
 .rela.text.pidof_main
                0x0000000000404450        0x0 /usr/local/arm64/gcc-arm-10.3-2021.07-x86_64-aarch64-none-linux-gnu/bin/../aarch64-none-linux-gnu/libc/usr/lib/../lib64/crt1.o
 .rela.text.pmap_main
                0x0000000000404450        0x0 /usr/local/arm64/gcc-arm-10.3-2021.07-x86_64-aarch64-none-linux-gnu/bin/../aarch64-none-linux-gnu/libc/usr/lib/../lib64/crt1.o
 .rela.text.powertop_main
                0x0000000000404450        0x0 /usr/local/arm64/gcc-arm-10.3-2021.07-x86_64-aarch64-none-linux-gnu/bin/../aarch64-none-linux-gnu/libc/usr/lib/../lib64/crt1.o
 .rela.text.pstree_main
                0x0000000000404450        0x0 /usr/local/arm64/gcc-arm-10.3-2021.07-x86_64-aarch64-none-linux-gnu/bin/../aarch64-none-linux-gnu/libc/usr/lib/../lib64/crt1.o
 .rela.text.pwdx_main
                0x0000000000404450        0x0 /usr/local/arm64/gcc-arm-10.3-2021.07-x86_64-aarch64-none-linux-gnu/bin/../aarch64-none-linux-gnu/libc/usr/lib/../lib64/crt1.o
 .rela.text.sysctl_act_on_setting
                0x0000000000404450        0x0 /usr/local/arm64/gcc-arm-10.3-2021.07-x86_64-aarch64-none-linux-gnu/bin/../aarch64-none-linux-gnu/libc/usr/lib/../lib64/crt1.o
 .rela.text.sysctl_main
                0x0000000000404450        0x0 /usr/local/arm64/gcc-arm-10.3-2021.07-x86_64-aarch64-none-linux-gnu/bin/../aarch64-none-linux-gnu/libc/usr/lib/../lib64/crt1.o
 .rela.text.display_process_list
                0x0000000000404450        0x0 /usr/local/arm64/gcc-arm-10.3-2021.07-x86_64-aarch64-none-linux-gnu/bin/../aarch64-none-linux-gnu/libc/usr/lib/../lib64/crt1.o
 .rela.text.watch_main
                0x0000000000404450        0x0 /usr/local/arm64/gcc-arm-10.3-2021.07-x86_64-aarch64-none-linux-gnu/bin/../aarch64-none-linux-gnu/libc/usr/lib/../lib64/crt1.o
 .rela.text.chpst_main
                0x0000000000404450        0x0 /usr/local/arm64/gcc-arm-10.3-2021.07-x86_64-aarch64-none-linux-gnu/bin/../aarch64-none-linux-gnu/libc/usr/lib/../lib64/crt1.o
 .rela.text.runsvdir_main
                0x0000000000404450        0x0 /usr/local/arm64/gcc-arm-10.3-2021.07-x86_64-aarch64-none-linux-gnu/bin/../aarch64-none-linux-gnu/libc/usr/lib/../lib64/crt1.o
 .rela.text.sv  0x0000000000404450        0x0 /usr/local/arm64/gcc-arm-10.3-2021.07-x86_64-aarch64-none-linux-gnu/bin/../aarch64-none-linux-gnu/libc/usr/lib/../lib64/crt1.o
 .rela.text.svc_main
                0x0000000000404450        0x0 /usr/local/arm64/gcc-arm-10.3-2021.07-x86_64-aarch64-none-linux-gnu/bin/../aarch64-none-linux-gnu/libc/usr/lib/../lib64/crt1.o
 .rela.text.logdir_open
                0x0000000000404450        0x0 /usr/local/arm64/gcc-arm-10.3-2021.07-x86_64-aarch64-none-linux-gnu/bin/../aarch64-none-linux-gnu/libc/usr/lib/../lib64/crt1.o
 .rela.text.svlogd_main
                0x0000000000404450        0x0 /usr/local/arm64/gcc-arm-10.3-2021.07-x86_64-aarch64-none-linux-gnu/bin/../aarch64-none-linux-gnu/libc/usr/lib/../lib64/crt1.o
 .rela.text.out2str
                0x0000000000404450        0x0 /usr/local/arm64/gcc-arm-10.3-2021.07-x86_64-aarch64-none-linux-gnu/bin/../aarch64-none-linux-gnu/libc/usr/lib/../lib64/crt1.o
 .rela.text.ash_vmsg
                0x0000000000404450        0x0 /usr/local/arm64/gcc-arm-10.3-2021.07-x86_64-aarch64-none-linux-gnu/bin/../aarch64-none-linux-gnu/libc/usr/lib/../lib64/crt1.o
 .rela.text.unaliascmd
                0x0000000000404450        0x0 /usr/local/arm64/gcc-arm-10.3-2021.07-x86_64-aarch64-none-linux-gnu/bin/../aarch64-none-linux-gnu/libc/usr/lib/../lib64/crt1.o
 .rela.text.getjob
                0x0000000000404450        0x0 /usr/local/arm64/gcc-arm-10.3-2021.07-x86_64-aarch64-none-linux-gnu/bin/../aarch64-none-linux-gnu/libc/usr/lib/../lib64/crt1.o
 .rela.text.aliascmd
                0x0000000000404450        0x0 /usr/local/arm64/gcc-arm-10.3-2021.07-x86_64-aarch64-none-linux-gnu/bin/../aarch64-none-linux-gnu/libc/usr/lib/../lib64/crt1.o
 .rela.text.showjob
                0x0000000000404450        0x0 /usr/local/arm64/gcc-arm-10.3-2021.07-x86_64-aarch64-none-linux-gnu/bin/../aarch64-none-linux-gnu/libc/usr/lib/../lib64/crt1.o
 .rela.text.helpcmd
                0x0000000000404450        0x0 /usr/local/arm64/gcc-arm-10.3-2021.07-x86_64-aarch64-none-linux-gnu/bin/../aarch64-none-linux-gnu/libc/usr/lib/../lib64/crt1.o
 .rela.text.out1str
                0x0000000000404450        0x0 /usr/local/arm64/gcc-arm-10.3-2021.07-x86_64-aarch64-none-linux-gnu/bin/../aarch64-none-linux-gnu/libc/usr/lib/../lib64/crt1.o
 .rela.text.fg_bgcmd
                0x0000000000404450        0x0 /usr/local/arm64/gcc-arm-10.3-2021.07-x86_64-aarch64-none-linux-gnu/bin/../aarch64-none-linux-gnu/libc/usr/lib/../lib64/crt1.o
 .rela.text.evalbltin
                0x0000000000404450        0x0 /usr/local/arm64/gcc-arm-10.3-2021.07-x86_64-aarch64-none-linux-gnu/bin/../aarch64-none-linux-gnu/libc/usr/lib/../lib64/crt1.o
 .rela.text.cmdloop
                0x0000000000404450        0x0 /usr/local/arm64/gcc-arm-10.3-2021.07-x86_64-aarch64-none-linux-gnu/bin/../aarch64-none-linux-gnu/libc/usr/lib/../lib64/crt1.o
 .rela.text.getoptscmd
                0x0000000000404450        0x0 /usr/local/arm64/gcc-arm-10.3-2021.07-x86_64-aarch64-none-linux-gnu/bin/../aarch64-none-linux-gnu/libc/usr/lib/../lib64/crt1.o
 .rela.text.init
                0x0000000000404450        0x0 /usr/local/arm64/gcc-arm-10.3-2021.07-x86_64-aarch64-none-linux-gnu/bin/../aarch64-none-linux-gnu/libc/usr/lib/../lib64/crt1.o
 .rela.text.ash_main
                0x0000000000404450        0x0 /usr/local/arm64/gcc-arm-10.3-2021.07-x86_64-aarch64-none-linux-gnu/bin/../aarch64-none-linux-gnu/libc/usr/lib/../lib64/crt1.o
 .rela.text.builtin_unset
                0x0000000000404450        0x0 /usr/local/arm64/gcc-arm-10.3-2021.07-x86_64-aarch64-none-linux-gnu/bin/../aarch64-none-linux-gnu/libc/usr/lib/../lib64/crt1.o
 .rela.text.builtin_export
                0x0000000000404450        0x0 /usr/local/arm64/gcc-arm-10.3-2021.07-x86_64-aarch64-none-linux-gnu/bin/../aarch64-none-linux-gnu/libc/usr/lib/../lib64/crt1.o
 .rela.text.builtin_getopts
                0x0000000000404450        0x0 /usr/local/arm64/gcc-arm-10.3-2021.07-x86_64-aarch64-none-linux-gnu/bin/../aarch64-none-linux-gnu/libc/usr/lib/../lib64/crt1.o
 .rela.text.builtin_read
                0x0000000000404450        0x0 /usr/local/arm64/gcc-arm-10.3-2021.07-x86_64-aarch64-none-linux-gnu/bin/../aarch64-none-linux-gnu/libc/usr/lib/../lib64/crt1.o
 .rela.text.hush_main
                0x0000000000404450        0x0 /usr/local/arm64/gcc-arm-10.3-2021.07-x86_64-aarch64-none-linux-gnu/bin/../aarch64-none-linux-gnu/libc/usr/lib/../lib64/crt1.o
 .rela.text.shell_builtin_read
                0x0000000000404450        0x0 /usr/local/arm64/gcc-arm-10.3-2021.07-x86_64-aarch64-none-linux-gnu/bin/../aarch64-none-linux-gnu/libc/usr/lib/../lib64/crt1.o
 .rela.text.shell_builtin_ulimit
                0x0000000000404450        0x0 /usr/local/arm64/gcc-arm-10.3-2021.07-x86_64-aarch64-none-linux-gnu/bin/../aarch64-none-linux-gnu/libc/usr/lib/../lib64/crt1.o
 .rela.text.logread_main
                0x0000000000404450        0x0 /usr/local/arm64/gcc-arm-10.3-2021.07-x86_64-aarch64-none-linux-gnu/bin/../aarch64-none-linux-gnu/libc/usr/lib/../lib64/crt1.o
 .rela.text.logger_main
                0x0000000000404450        0x0 /usr/local/arm64/gcc-arm-10.3-2021.07-x86_64-aarch64-none-linux-gnu/bin/../aarch64-none-linux-gnu/libc/usr/lib/../lib64/crt1.o
 .rela.text.blkdiscard_main
                0x0000000000404450        0x0 /usr/local/arm64/gcc-arm-10.3-2021.07-x86_64-aarch64-none-linux-gnu/bin/../aarch64-none-linux-gnu/libc/usr/lib/../lib64/crt1.o
 .rela.text.cal_main
                0x0000000000404450        0x0 /usr/local/arm64/gcc-arm-10.3-2021.07-x86_64-aarch64-none-linux-gnu/bin/../aarch64-none-linux-gnu/libc/usr/lib/../lib64/crt1.o
 .rela.text.chrt_main
                0x0000000000404450        0x0 /usr/local/arm64/gcc-arm-10.3-2021.07-x86_64-aarch64-none-linux-gnu/bin/../aarch64-none-linux-gnu/libc/usr/lib/../lib64/crt1.o
 .rela.text.eject_main
                0x0000000000404450        0x0 /usr/local/arm64/gcc-arm-10.3-2021.07-x86_64-aarch64-none-linux-gnu/bin/../aarch64-none-linux-gnu/libc/usr/lib/../lib64/crt1.o
 .rela.text.fallocate_main
                0x0000000000404450        0x0 /usr/local/arm64/gcc-arm-10.3-2021.07-x86_64-aarch64-none-linux-gnu/bin/../aarch64-none-linux-gnu/libc/usr/lib/../lib64/crt1.o
 .rela.text.fdformat_main
                0x0000000000404450        0x0 /usr/local/arm64/gcc-arm-10.3-2021.07-x86_64-aarch64-none-linux-gnu/bin/../aarch64-none-linux-gnu/libc/usr/lib/../lib64/crt1.o
 .rela.text.fdisk_main
                0x0000000000404450        0x0 /usr/local/arm64/gcc-arm-10.3-2021.07-x86_64-aarch64-none-linux-gnu/bin/../aarch64-none-linux-gnu/libc/usr/lib/../lib64/crt1.o
 .rela.text.flock_main
                0x0000000000404450        0x0 /usr/local/arm64/gcc-arm-10.3-2021.07-x86_64-aarch64-none-linux-gnu/bin/../aarch64-none-linux-gnu/libc/usr/lib/../lib64/crt1.o
 .rela.text.fsck_minix_main
                0x0000000000404450        0x0 /usr/local/arm64/gcc-arm-10.3-2021.07-x86_64-aarch64-none-linux-gnu/bin/../aarch64-none-linux-gnu/libc/usr/lib/../lib64/crt1.o
 .rela.text.fsfreeze_main
                0x0000000000404450        0x0 /usr/local/arm64/gcc-arm-10.3-2021.07-x86_64-aarch64-none-linux-gnu/bin/../aarch64-none-linux-gnu/libc/usr/lib/../lib64/crt1.o
 .rela.text.fstrim_main
                0x0000000000404450        0x0 /usr/local/arm64/gcc-arm-10.3-2021.07-x86_64-aarch64-none-linux-gnu/bin/../aarch64-none-linux-gnu/libc/usr/lib/../lib64/crt1.o
 .rela.text.generate_output
                0x0000000000404450        0x0 /usr/local/arm64/gcc-arm-10.3-2021.07-x86_64-aarch64-none-linux-gnu/bin/../aarch64-none-linux-gnu/libc/usr/lib/../lib64/crt1.o
 .rela.text.getopt_main
                0x0000000000404450        0x0 /usr/local/arm64/gcc-arm-10.3-2021.07-x86_64-aarch64-none-linux-gnu/bin/../aarch64-none-linux-gnu/libc/usr/lib/../lib64/crt1.o
 .rela.text.hexdump_main
                0x0000000000404450        0x0 /usr/local/arm64/gcc-arm-10.3-2021.07-x86_64-aarch64-none-linux-gnu/bin/../aarch64-none-linux-gnu/libc/usr/lib/../lib64/crt1.o
 .rela.text.xxd_main
                0x0000000000404450        0x0 /usr/local/arm64/gcc-arm-10.3-2021.07-x86_64-aarch64-none-linux-gnu/bin/../aarch64-none-linux-gnu/libc/usr/lib/../lib64/crt1.o
 .rela.text.ionice_main
                0x0000000000404450        0x0 /usr/local/arm64/gcc-arm-10.3-2021.07-x86_64-aarch64-none-linux-gnu/bin/../aarch64-none-linux-gnu/libc/usr/lib/../lib64/crt1.o
 .rela.text.ipcrm_main
                0x0000000000404450        0x0 /usr/local/arm64/gcc-arm-10.3-2021.07-x86_64-aarch64-none-linux-gnu/bin/../aarch64-none-linux-gnu/libc/usr/lib/../lib64/crt1.o
 .rela.text.last_main
                0x0000000000404450        0x0 /usr/local/arm64/gcc-arm-10.3-2021.07-x86_64-aarch64-none-linux-gnu/bin/../aarch64-none-linux-gnu/libc/usr/lib/../lib64/crt1.o
 .rela.text.losetup_main
                0x0000000000404450        0x0 /usr/local/arm64/gcc-arm-10.3-2021.07-x86_64-aarch64-none-linux-gnu/bin/../aarch64-none-linux-gnu/libc/usr/lib/../lib64/crt1.o
 .rela.text.mkfs_ext2_main
                0x0000000000404450        0x0 /usr/local/arm64/gcc-arm-10.3-2021.07-x86_64-aarch64-none-linux-gnu/bin/../aarch64-none-linux-gnu/libc/usr/lib/../lib64/crt1.o
 .rela.text.mkfs_minix_main
                0x0000000000404450        0x0 /usr/local/arm64/gcc-arm-10.3-2021.07-x86_64-aarch64-none-linux-gnu/bin/../aarch64-none-linux-gnu/libc/usr/lib/../lib64/crt1.o
 .rela.text.mkfs_vfat_main
                0x0000000000404450        0x0 /usr/local/arm64/gcc-arm-10.3-2021.07-x86_64-aarch64-none-linux-gnu/bin/../aarch64-none-linux-gnu/libc/usr/lib/../lib64/crt1.o
 .rela.text.mkswap_main
                0x0000000000404450        0x0 /usr/local/arm64/gcc-arm-10.3-2021.07-x86_64-aarch64-none-linux-gnu/bin/../aarch64-none-linux-gnu/libc/usr/lib/../lib64/crt1.o
 .rela.text.more_main
                0x0000000000404450        0x0 /usr/local/arm64/gcc-arm-10.3-2021.07-x86_64-aarch64-none-linux-gnu/bin/../aarch64-none-linux-gnu/libc/usr/lib/../lib64/crt1.o
 .rela.text.mount_main
                0x0000000000404450        0x0 /usr/local/arm64/gcc-arm-10.3-2021.07-x86_64-aarch64-none-linux-gnu/bin/../aarch64-none-linux-gnu/libc/usr/lib/../lib64/crt1.o
 .rela.text.mountpoint_main
                0x0000000000404450        0x0 /usr/local/arm64/gcc-arm-10.3-2021.07-x86_64-aarch64-none-linux-gnu/bin/../aarch64-none-linux-gnu/libc/usr/lib/../lib64/crt1.o
 .rela.text.nsenter_main
                0x0000000000404450        0x0 /usr/local/arm64/gcc-arm-10.3-2021.07-x86_64-aarch64-none-linux-gnu/bin/../aarch64-none-linux-gnu/libc/usr/lib/../lib64/crt1.o
 .rela.text.rdate_main
                0x0000000000404450        0x0 /usr/local/arm64/gcc-arm-10.3-2021.07-x86_64-aarch64-none-linux-gnu/bin/../aarch64-none-linux-gnu/libc/usr/lib/../lib64/crt1.o
 .rela.text.rev_main
                0x0000000000404450        0x0 /usr/local/arm64/gcc-arm-10.3-2021.07-x86_64-aarch64-none-linux-gnu/bin/../aarch64-none-linux-gnu/libc/usr/lib/../lib64/crt1.o
 .rela.text.script_main
                0x0000000000404450        0x0 /usr/local/arm64/gcc-arm-10.3-2021.07-x86_64-aarch64-none-linux-gnu/bin/../aarch64-none-linux-gnu/libc/usr/lib/../lib64/crt1.o
 .rela.text.setarch_main
                0x0000000000404450        0x0 /usr/local/arm64/gcc-arm-10.3-2021.07-x86_64-aarch64-none-linux-gnu/bin/../aarch64-none-linux-gnu/libc/usr/lib/../lib64/crt1.o
 .rela.text.setpriv_main
                0x0000000000404450        0x0 /usr/local/arm64/gcc-arm-10.3-2021.07-x86_64-aarch64-none-linux-gnu/bin/../aarch64-none-linux-gnu/libc/usr/lib/../lib64/crt1.o
 .rela.text.setsid_main
                0x0000000000404450        0x0 /usr/local/arm64/gcc-arm-10.3-2021.07-x86_64-aarch64-none-linux-gnu/bin/../aarch64-none-linux-gnu/libc/usr/lib/../lib64/crt1.o
 .rela.text.swap_on_off_main
                0x0000000000404450        0x0 /usr/local/arm64/gcc-arm-10.3-2021.07-x86_64-aarch64-none-linux-gnu/bin/../aarch64-none-linux-gnu/libc/usr/lib/../lib64/crt1.o
 .rela.text.switch_root_main
                0x0000000000404450        0x0 /usr/local/arm64/gcc-arm-10.3-2021.07-x86_64-aarch64-none-linux-gnu/bin/../aarch64-none-linux-gnu/libc/usr/lib/../lib64/crt1.o
 .rela.text.taskset_main
                0x0000000000404450        0x0 /usr/local/arm64/gcc-arm-10.3-2021.07-x86_64-aarch64-none-linux-gnu/bin/../aarch64-none-linux-gnu/libc/usr/lib/../lib64/crt1.o
 .rela.text.umount_main
                0x0000000000404450        0x0 /usr/local/arm64/gcc-arm-10.3-2021.07-x86_64-aarch64-none-linux-gnu/bin/../aarch64-none-linux-gnu/libc/usr/lib/../lib64/crt1.o
 .rela.text.unshare_main
                0x0000000000404450        0x0 /usr/local/arm64/gcc-arm-10.3-2021.07-x86_64-aarch64-none-linux-gnu/bin/../aarch64-none-linux-gnu/libc/usr/lib/../lib64/crt1.o
 .rela.text.bbunpack
                0x0000000000404450        0x0 /usr/local/arm64/gcc-arm-10.3-2021.07-x86_64-aarch64-none-linux-gnu/bin/../aarch64-none-linux-gnu/libc/usr/lib/../lib64/crt1.o
 .rela.text.gunzip_main
                0x0000000000404450        0x0 /usr/local/arm64/gcc-arm-10.3-2021.07-x86_64-aarch64-none-linux-gnu/bin/../aarch64-none-linux-gnu/libc/usr/lib/../lib64/crt1.o
 .rela.text.bunzip2_main
                0x0000000000404450        0x0 /usr/local/arm64/gcc-arm-10.3-2021.07-x86_64-aarch64-none-linux-gnu/bin/../aarch64-none-linux-gnu/libc/usr/lib/../lib64/crt1.o
 .rela.text.unlzma_main
                0x0000000000404450        0x0 /usr/local/arm64/gcc-arm-10.3-2021.07-x86_64-aarch64-none-linux-gnu/bin/../aarch64-none-linux-gnu/libc/usr/lib/../lib64/crt1.o
 .rela.text.unxz_main
                0x0000000000404450        0x0 /usr/local/arm64/gcc-arm-10.3-2021.07-x86_64-aarch64-none-linux-gnu/bin/../aarch64-none-linux-gnu/libc/usr/lib/../lib64/crt1.o
 .rela.text.bzip2_main
                0x0000000000404450        0x0 /usr/local/arm64/gcc-arm-10.3-2021.07-x86_64-aarch64-none-linux-gnu/bin/../aarch64-none-linux-gnu/libc/usr/lib/../lib64/crt1.o
 .rela.text.cpio_o
                0x0000000000404450        0x0 /usr/local/arm64/gcc-arm-10.3-2021.07-x86_64-aarch64-none-linux-gnu/bin/../aarch64-none-linux-gnu/libc/usr/lib/../lib64/crt1.o
 .rela.text.cpio_main
                0x0000000000404450        0x0 /usr/local/arm64/gcc-arm-10.3-2021.07-x86_64-aarch64-none-linux-gnu/bin/../aarch64-none-linux-gnu/libc/usr/lib/../lib64/crt1.o
 .rela.text.dpkg_main
                0x0000000000404450        0x0 /usr/local/arm64/gcc-arm-10.3-2021.07-x86_64-aarch64-none-linux-gnu/bin/../aarch64-none-linux-gnu/libc/usr/lib/../lib64/crt1.o
 .rela.text.dpkg_deb_main
                0x0000000000404450        0x0 /usr/local/arm64/gcc-arm-10.3-2021.07-x86_64-aarch64-none-linux-gnu/bin/../aarch64-none-linux-gnu/libc/usr/lib/../lib64/crt1.o
 .rela.text.gzip_main
                0x0000000000404450        0x0 /usr/local/arm64/gcc-arm-10.3-2021.07-x86_64-aarch64-none-linux-gnu/bin/../aarch64-none-linux-gnu/libc/usr/lib/../lib64/crt1.o
 .rela.text.lzop_main
                0x0000000000404450        0x0 /usr/local/arm64/gcc-arm-10.3-2021.07-x86_64-aarch64-none-linux-gnu/bin/../aarch64-none-linux-gnu/libc/usr/lib/../lib64/crt1.o
 .rela.text.rpm_main
                0x0000000000404450        0x0 /usr/local/arm64/gcc-arm-10.3-2021.07-x86_64-aarch64-none-linux-gnu/bin/../aarch64-none-linux-gnu/libc/usr/lib/../lib64/crt1.o
 .rela.text.writeTarHeader
                0x0000000000404450        0x0 /usr/local/arm64/gcc-arm-10.3-2021.07-x86_64-aarch64-none-linux-gnu/bin/../aarch64-none-linux-gnu/libc/usr/lib/../lib64/crt1.o
 .rela.text.tar_main
                0x0000000000404450        0x0 /usr/local/arm64/gcc-arm-10.3-2021.07-x86_64-aarch64-none-linux-gnu/bin/../aarch64-none-linux-gnu/libc/usr/lib/../lib64/crt1.o
 .rela.text.my_fgets80
                0x0000000000404450        0x0 /usr/local/arm64/gcc-arm-10.3-2021.07-x86_64-aarch64-none-linux-gnu/bin/../aarch64-none-linux-gnu/libc/usr/lib/../lib64/crt1.o
 .rela.text.unzip_main
                0x0000000000404450        0x0 /usr/local/arm64/gcc-arm-10.3-2021.07-x86_64-aarch64-none-linux-gnu/bin/../aarch64-none-linux-gnu/libc/usr/lib/../lib64/crt1.o
 .rela.text.create_links_from_list
                0x0000000000404450        0x0 /usr/local/arm64/gcc-arm-10.3-2021.07-x86_64-aarch64-none-linux-gnu/bin/../aarch64-none-linux-gnu/libc/usr/lib/../lib64/crt1.o
 .rela.text.setfont_main
                0x0000000000404450        0x0 /usr/local/arm64/gcc-arm-10.3-2021.07-x86_64-aarch64-none-linux-gnu/bin/../aarch64-none-linux-gnu/libc/usr/lib/../lib64/crt1.o
 .rela.text.openvt_main
                0x0000000000404450        0x0 /usr/local/arm64/gcc-arm-10.3-2021.07-x86_64-aarch64-none-linux-gnu/bin/../aarch64-none-linux-gnu/libc/usr/lib/../lib64/crt1.o
 .rela.text.resize_main
                0x0000000000404450        0x0 /usr/local/arm64/gcc-arm-10.3-2021.07-x86_64-aarch64-none-linux-gnu/bin/../aarch64-none-linux-gnu/libc/usr/lib/../lib64/crt1.o
 .rela.text.cat_main
                0x0000000000404450        0x0 /usr/local/arm64/gcc-arm-10.3-2021.07-x86_64-aarch64-none-linux-gnu/bin/../aarch64-none-linux-gnu/libc/usr/lib/../lib64/crt1.o
 .rela.text.chmod_main
                0x0000000000404450        0x0 /usr/local/arm64/gcc-arm-10.3-2021.07-x86_64-aarch64-none-linux-gnu/bin/../aarch64-none-linux-gnu/libc/usr/lib/../lib64/crt1.o
 .rela.text.chown_main
                0x0000000000404450        0x0 /usr/local/arm64/gcc-arm-10.3-2021.07-x86_64-aarch64-none-linux-gnu/bin/../aarch64-none-linux-gnu/libc/usr/lib/../lib64/crt1.o
 .rela.text.cksum_main
                0x0000000000404450        0x0 /usr/local/arm64/gcc-arm-10.3-2021.07-x86_64-aarch64-none-linux-gnu/bin/../aarch64-none-linux-gnu/libc/usr/lib/../lib64/crt1.o
 .rela.text.comm_main
                0x0000000000404450        0x0 /usr/local/arm64/gcc-arm-10.3-2021.07-x86_64-aarch64-none-linux-gnu/bin/../aarch64-none-linux-gnu/libc/usr/lib/../lib64/crt1.o
 .rela.text.cp_main
                0x0000000000404450        0x0 /usr/local/arm64/gcc-arm-10.3-2021.07-x86_64-aarch64-none-linux-gnu/bin/../aarch64-none-linux-gnu/libc/usr/lib/../lib64/crt1.o
 .rela.text.cut_main
                0x0000000000404450        0x0 /usr/local/arm64/gcc-arm-10.3-2021.07-x86_64-aarch64-none-linux-gnu/bin/../aarch64-none-linux-gnu/libc/usr/lib/../lib64/crt1.o
 .rela.text.date_main
                0x0000000000404450        0x0 /usr/local/arm64/gcc-arm-10.3-2021.07-x86_64-aarch64-none-linux-gnu/bin/../aarch64-none-linux-gnu/libc/usr/lib/../lib64/crt1.o
 .rela.text.dd_output_status
                0x0000000000404450        0x0 /usr/local/arm64/gcc-arm-10.3-2021.07-x86_64-aarch64-none-linux-gnu/bin/../aarch64-none-linux-gnu/libc/usr/lib/../lib64/crt1.o
 .rela.text.df_main
                0x0000000000404450        0x0 /usr/local/arm64/gcc-arm-10.3-2021.07-x86_64-aarch64-none-linux-gnu/bin/../aarch64-none-linux-gnu/libc/usr/lib/../lib64/crt1.o
 .rela.text.dos2unix_main
                0x0000000000404450        0x0 /usr/local/arm64/gcc-arm-10.3-2021.07-x86_64-aarch64-none-linux-gnu/bin/../aarch64-none-linux-gnu/libc/usr/lib/../lib64/crt1.o
 .rela.text.du_main
                0x0000000000404450        0x0 /usr/local/arm64/gcc-arm-10.3-2021.07-x86_64-aarch64-none-linux-gnu/bin/../aarch64-none-linux-gnu/libc/usr/lib/../lib64/crt1.o
 .rela.text.env_main
                0x0000000000404450        0x0 /usr/local/arm64/gcc-arm-10.3-2021.07-x86_64-aarch64-none-linux-gnu/bin/../aarch64-none-linux-gnu/libc/usr/lib/../lib64/crt1.o
 .rela.text.expand_main
                0x0000000000404450        0x0 /usr/local/arm64/gcc-arm-10.3-2021.07-x86_64-aarch64-none-linux-gnu/bin/../aarch64-none-linux-gnu/libc/usr/lib/../lib64/crt1.o
 .rela.text.factor_main
                0x0000000000404450        0x0 /usr/local/arm64/gcc-arm-10.3-2021.07-x86_64-aarch64-none-linux-gnu/bin/../aarch64-none-linux-gnu/libc/usr/lib/../lib64/crt1.o
 .rela.text.write2stdout
                0x0000000000404450        0x0 /usr/local/arm64/gcc-arm-10.3-2021.07-x86_64-aarch64-none-linux-gnu/bin/../aarch64-none-linux-gnu/libc/usr/lib/../lib64/crt1.o
 .rela.text.fold_main
                0x0000000000404450        0x0 /usr/local/arm64/gcc-arm-10.3-2021.07-x86_64-aarch64-none-linux-gnu/bin/../aarch64-none-linux-gnu/libc/usr/lib/../lib64/crt1.o
 .rela.text.head_main
                0x0000000000404450        0x0 /usr/local/arm64/gcc-arm-10.3-2021.07-x86_64-aarch64-none-linux-gnu/bin/../aarch64-none-linux-gnu/libc/usr/lib/../lib64/crt1.o
 .rela.text.id_main
                0x0000000000404450        0x0 /usr/local/arm64/gcc-arm-10.3-2021.07-x86_64-aarch64-none-linux-gnu/bin/../aarch64-none-linux-gnu/libc/usr/lib/../lib64/crt1.o
 .rela.text.install_main
                0x0000000000404450        0x0 /usr/local/arm64/gcc-arm-10.3-2021.07-x86_64-aarch64-none-linux-gnu/bin/../aarch64-none-linux-gnu/libc/usr/lib/../lib64/crt1.o
 .rela.text.link_main
                0x0000000000404450        0x0 /usr/local/arm64/gcc-arm-10.3-2021.07-x86_64-aarch64-none-linux-gnu/bin/../aarch64-none-linux-gnu/libc/usr/lib/../lib64/crt1.o
 .rela.text.ln_main
                0x0000000000404450        0x0 /usr/local/arm64/gcc-arm-10.3-2021.07-x86_64-aarch64-none-linux-gnu/bin/../aarch64-none-linux-gnu/libc/usr/lib/../lib64/crt1.o
 .rela.text.print_name
                0x0000000000404450        0x0 /usr/local/arm64/gcc-arm-10.3-2021.07-x86_64-aarch64-none-linux-gnu/bin/../aarch64-none-linux-gnu/libc/usr/lib/../lib64/crt1.o
 .rela.text.ls_main
                0x0000000000404450        0x0 /usr/local/arm64/gcc-arm-10.3-2021.07-x86_64-aarch64-none-linux-gnu/bin/../aarch64-none-linux-gnu/libc/usr/lib/../lib64/crt1.o
 .rela.text.md5_sha1_sum_main
                0x0000000000404450        0x0 /usr/local/arm64/gcc-arm-10.3-2021.07-x86_64-aarch64-none-linux-gnu/bin/../aarch64-none-linux-gnu/libc/usr/lib/../lib64/crt1.o
 .rela.text.mkdir_main
                0x0000000000404450        0x0 /usr/local/arm64/gcc-arm-10.3-2021.07-x86_64-aarch64-none-linux-gnu/bin/../aarch64-none-linux-gnu/libc/usr/lib/../lib64/crt1.o
 .rela.text.mkfifo_main
                0x0000000000404450        0x0 /usr/local/arm64/gcc-arm-10.3-2021.07-x86_64-aarch64-none-linux-gnu/bin/../aarch64-none-linux-gnu/libc/usr/lib/../lib64/crt1.o
 .rela.text.mknod_main
                0x0000000000404450        0x0 /usr/local/arm64/gcc-arm-10.3-2021.07-x86_64-aarch64-none-linux-gnu/bin/../aarch64-none-linux-gnu/libc/usr/lib/../lib64/crt1.o
 .rela.text.mktemp_main
                0x0000000000404450        0x0 /usr/local/arm64/gcc-arm-10.3-2021.07-x86_64-aarch64-none-linux-gnu/bin/../aarch64-none-linux-gnu/libc/usr/lib/../lib64/crt1.o
 .rela.text.mv_main
                0x0000000000404450        0x0 /usr/local/arm64/gcc-arm-10.3-2021.07-x86_64-aarch64-none-linux-gnu/bin/../aarch64-none-linux-gnu/libc/usr/lib/../lib64/crt1.o
 .rela.text.nl_main
                0x0000000000404450        0x0 /usr/local/arm64/gcc-arm-10.3-2021.07-x86_64-aarch64-none-linux-gnu/bin/../aarch64-none-linux-gnu/libc/usr/lib/../lib64/crt1.o
 .rela.text.print_ascii
                0x0000000000404450        0x0 /usr/local/arm64/gcc-arm-10.3-2021.07-x86_64-aarch64-none-linux-gnu/bin/../aarch64-none-linux-gnu/libc/usr/lib/../lib64/crt1.o
 .rela.text.print_named_ascii
                0x0000000000404450        0x0 /usr/local/arm64/gcc-arm-10.3-2021.07-x86_64-aarch64-none-linux-gnu/bin/../aarch64-none-linux-gnu/libc/usr/lib/../lib64/crt1.o
 .rela.text.check_and_close
                0x0000000000404450        0x0 /usr/local/arm64/gcc-arm-10.3-2021.07-x86_64-aarch64-none-linux-gnu/bin/../aarch64-none-linux-gnu/libc/usr/lib/../lib64/crt1.o
 .rela.text.write_block
                0x0000000000404450        0x0 /usr/local/arm64/gcc-arm-10.3-2021.07-x86_64-aarch64-none-linux-gnu/bin/../aarch64-none-linux-gnu/libc/usr/lib/../lib64/crt1.o
 .rela.text.od_main
                0x0000000000404450        0x0 /usr/local/arm64/gcc-arm-10.3-2021.07-x86_64-aarch64-none-linux-gnu/bin/../aarch64-none-linux-gnu/libc/usr/lib/../lib64/crt1.o
 .rela.text.paste_main
                0x0000000000404450        0x0 /usr/local/arm64/gcc-arm-10.3-2021.07-x86_64-aarch64-none-linux-gnu/bin/../aarch64-none-linux-gnu/libc/usr/lib/../lib64/crt1.o
 .rela.text.printenv_main
                0x0000000000404450        0x0 /usr/local/arm64/gcc-arm-10.3-2021.07-x86_64-aarch64-none-linux-gnu/bin/../aarch64-none-linux-gnu/libc/usr/lib/../lib64/crt1.o
 .rela.text.readlink_main
                0x0000000000404450        0x0 /usr/local/arm64/gcc-arm-10.3-2021.07-x86_64-aarch64-none-linux-gnu/bin/../aarch64-none-linux-gnu/libc/usr/lib/../lib64/crt1.o
 .rela.text.rm_main
                0x0000000000404450        0x0 /usr/local/arm64/gcc-arm-10.3-2021.07-x86_64-aarch64-none-linux-gnu/bin/../aarch64-none-linux-gnu/libc/usr/lib/../lib64/crt1.o
 .rela.text.rmdir_main
                0x0000000000404450        0x0 /usr/local/arm64/gcc-arm-10.3-2021.07-x86_64-aarch64-none-linux-gnu/bin/../aarch64-none-linux-gnu/libc/usr/lib/../lib64/crt1.o
 .rela.text.seq_main
                0x0000000000404450        0x0 /usr/local/arm64/gcc-arm-10.3-2021.07-x86_64-aarch64-none-linux-gnu/bin/../aarch64-none-linux-gnu/libc/usr/lib/../lib64/crt1.o
 .rela.text.shred_main
                0x0000000000404450        0x0 /usr/local/arm64/gcc-arm-10.3-2021.07-x86_64-aarch64-none-linux-gnu/bin/../aarch64-none-linux-gnu/libc/usr/lib/../lib64/crt1.o
 .rela.text.shuf_main
                0x0000000000404450        0x0 /usr/local/arm64/gcc-arm-10.3-2021.07-x86_64-aarch64-none-linux-gnu/bin/../aarch64-none-linux-gnu/libc/usr/lib/../lib64/crt1.o
 .rela.text.sort_main
                0x0000000000404450        0x0 /usr/local/arm64/gcc-arm-10.3-2021.07-x86_64-aarch64-none-linux-gnu/bin/../aarch64-none-linux-gnu/libc/usr/lib/../lib64/crt1.o
 .rela.text.split_main
                0x0000000000404450        0x0 /usr/local/arm64/gcc-arm-10.3-2021.07-x86_64-aarch64-none-linux-gnu/bin/../aarch64-none-linux-gnu/libc/usr/lib/../lib64/crt1.o
 .rela.text.print_it
                0x0000000000404450        0x0 /usr/local/arm64/gcc-arm-10.3-2021.07-x86_64-aarch64-none-linux-gnu/bin/../aarch64-none-linux-gnu/libc/usr/lib/../lib64/crt1.o
 .rela.text.do_stat
                0x0000000000404450        0x0 /usr/local/arm64/gcc-arm-10.3-2021.07-x86_64-aarch64-none-linux-gnu/bin/../aarch64-none-linux-gnu/libc/usr/lib/../lib64/crt1.o
 .rela.text.stat_main
                0x0000000000404450        0x0 /usr/local/arm64/gcc-arm-10.3-2021.07-x86_64-aarch64-none-linux-gnu/bin/../aarch64-none-linux-gnu/libc/usr/lib/../lib64/crt1.o
 .rela.text.wrapf
                0x0000000000404450        0x0 /usr/local/arm64/gcc-arm-10.3-2021.07-x86_64-aarch64-none-linux-gnu/bin/../aarch64-none-linux-gnu/libc/usr/lib/../lib64/crt1.o
 .rela.text.sum_main
                0x0000000000404450        0x0 /usr/local/arm64/gcc-arm-10.3-2021.07-x86_64-aarch64-none-linux-gnu/bin/../aarch64-none-linux-gnu/libc/usr/lib/../lib64/crt1.o
 .rela.text.sync_main
                0x0000000000404450        0x0 /usr/local/arm64/gcc-arm-10.3-2021.07-x86_64-aarch64-none-linux-gnu/bin/../aarch64-none-linux-gnu/libc/usr/lib/../lib64/crt1.o
 .rela.text.fsync_main
                0x0000000000404450        0x0 /usr/local/arm64/gcc-arm-10.3-2021.07-x86_64-aarch64-none-linux-gnu/bin/../aarch64-none-linux-gnu/libc/usr/lib/../lib64/crt1.o
 .rela.text.tac_main
                0x0000000000404450        0x0 /usr/local/arm64/gcc-arm-10.3-2021.07-x86_64-aarch64-none-linux-gnu/bin/../aarch64-none-linux-gnu/libc/usr/lib/../lib64/crt1.o
 .rela.text.tail_main
                0x0000000000404450        0x0 /usr/local/arm64/gcc-arm-10.3-2021.07-x86_64-aarch64-none-linux-gnu/bin/../aarch64-none-linux-gnu/libc/usr/lib/../lib64/crt1.o
 .rela.text.tee_main
                0x0000000000404450        0x0 /usr/local/arm64/gcc-arm-10.3-2021.07-x86_64-aarch64-none-linux-gnu/bin/../aarch64-none-linux-gnu/libc/usr/lib/../lib64/crt1.o
 .rela.text.timeout_main
                0x0000000000404450        0x0 /usr/local/arm64/gcc-arm-10.3-2021.07-x86_64-aarch64-none-linux-gnu/bin/../aarch64-none-linux-gnu/libc/usr/lib/../lib64/crt1.o
 .rela.text.touch_main
                0x0000000000404450        0x0 /usr/local/arm64/gcc-arm-10.3-2021.07-x86_64-aarch64-none-linux-gnu/bin/../aarch64-none-linux-gnu/libc/usr/lib/../lib64/crt1.o
 .rela.text.tr_main
                0x0000000000404450        0x0 /usr/local/arm64/gcc-arm-10.3-2021.07-x86_64-aarch64-none-linux-gnu/bin/../aarch64-none-linux-gnu/libc/usr/lib/../lib64/crt1.o
 .rela.text.truncate_main
                0x0000000000404450        0x0 /usr/local/arm64/gcc-arm-10.3-2021.07-x86_64-aarch64-none-linux-gnu/bin/../aarch64-none-linux-gnu/libc/usr/lib/../lib64/crt1.o
 .rela.text.tty_main
                0x0000000000404450        0x0 /usr/local/arm64/gcc-arm-10.3-2021.07-x86_64-aarch64-none-linux-gnu/bin/../aarch64-none-linux-gnu/libc/usr/lib/../lib64/crt1.o
 .rela.text.uname_main
                0x0000000000404450        0x0 /usr/local/arm64/gcc-arm-10.3-2021.07-x86_64-aarch64-none-linux-gnu/bin/../aarch64-none-linux-gnu/libc/usr/lib/../lib64/crt1.o
 .rela.text.uniq_main
                0x0000000000404450        0x0 /usr/local/arm64/gcc-arm-10.3-2021.07-x86_64-aarch64-none-linux-gnu/bin/../aarch64-none-linux-gnu/libc/usr/lib/../lib64/crt1.o
 .rela.text.unlink_main
                0x0000000000404450        0x0 /usr/local/arm64/gcc-arm-10.3-2021.07-x86_64-aarch64-none-linux-gnu/bin/../aarch64-none-linux-gnu/libc/usr/lib/../lib64/crt1.o
 .rela.text.uudecode_main
                0x0000000000404450        0x0 /usr/local/arm64/gcc-arm-10.3-2021.07-x86_64-aarch64-none-linux-gnu/bin/../aarch64-none-linux-gnu/libc/usr/lib/../lib64/crt1.o
 .rela.text.baseNUM_main
                0x0000000000404450        0x0 /usr/local/arm64/gcc-arm-10.3-2021.07-x86_64-aarch64-none-linux-gnu/bin/../aarch64-none-linux-gnu/libc/usr/lib/../lib64/crt1.o
 .rela.text.uuencode_main
                0x0000000000404450        0x0 /usr/local/arm64/gcc-arm-10.3-2021.07-x86_64-aarch64-none-linux-gnu/bin/../aarch64-none-linux-gnu/libc/usr/lib/../lib64/crt1.o
 .rela.text.wc_main
                0x0000000000404450        0x0 /usr/local/arm64/gcc-arm-10.3-2021.07-x86_64-aarch64-none-linux-gnu/bin/../aarch64-none-linux-gnu/libc/usr/lib/../lib64/crt1.o
 .rela.text.yes_main
                0x0000000000404450        0x0 /usr/local/arm64/gcc-arm-10.3-2021.07-x86_64-aarch64-none-linux-gnu/bin/../aarch64-none-linux-gnu/libc/usr/lib/../lib64/crt1.o
 .rela.text.cp_mv_stat
                0x0000000000404450        0x0 /usr/local/arm64/gcc-arm-10.3-2021.07-x86_64-aarch64-none-linux-gnu/bin/../aarch64-none-linux-gnu/libc/usr/lib/../lib64/crt1.o
 .rela.text.run_parts_main
                0x0000000000404450        0x0 /usr/local/arm64/gcc-arm-10.3-2021.07-x86_64-aarch64-none-linux-gnu/bin/../aarch64-none-linux-gnu/libc/usr/lib/../lib64/crt1.o
 .rela.text.start_stop_daemon_main
                0x0000000000404450        0x0 /usr/local/arm64/gcc-arm-10.3-2021.07-x86_64-aarch64-none-linux-gnu/bin/../aarch64-none-linux-gnu/libc/usr/lib/../lib64/crt1.o
 .rela.text.which_main
                0x0000000000404450        0x0 /usr/local/arm64/gcc-arm-10.3-2021.07-x86_64-aarch64-none-linux-gnu/bin/../aarch64-none-linux-gnu/libc/usr/lib/../lib64/crt1.o
 .rela.text.fsck_main
                0x0000000000404450        0x0 /usr/local/arm64/gcc-arm-10.3-2021.07-x86_64-aarch64-none-linux-gnu/bin/../aarch64-none-linux-gnu/libc/usr/lib/../lib64/crt1.o
 .rela.text.list_attributes
                0x0000000000404450        0x0 /usr/local/arm64/gcc-arm-10.3-2021.07-x86_64-aarch64-none-linux-gnu/bin/../aarch64-none-linux-gnu/libc/usr/lib/../lib64/crt1.o
 .rela.text.lsattr_main
                0x0000000000404450        0x0 /usr/local/arm64/gcc-arm-10.3-2021.07-x86_64-aarch64-none-linux-gnu/bin/../aarch64-none-linux-gnu/libc/usr/lib/../lib64/crt1.o
 .rela.text.next_input_file
                0x0000000000404450        0x0 /usr/local/arm64/gcc-arm-10.3-2021.07-x86_64-aarch64-none-linux-gnu/bin/../aarch64-none-linux-gnu/libc/usr/lib/../lib64/crt1.o
 .rela.text.evaluate
                0x0000000000404450        0x0 /usr/local/arm64/gcc-arm-10.3-2021.07-x86_64-aarch64-none-linux-gnu/bin/../aarch64-none-linux-gnu/libc/usr/lib/../lib64/crt1.o
 .rela.text.awk_main
                0x0000000000404450        0x0 /usr/local/arm64/gcc-arm-10.3-2021.07-x86_64-aarch64-none-linux-gnu/bin/../aarch64-none-linux-gnu/libc/usr/lib/../lib64/crt1.o
 .rela.text.cmp_main
                0x0000000000404450        0x0 /usr/local/arm64/gcc-arm-10.3-2021.07-x86_64-aarch64-none-linux-gnu/bin/../aarch64-none-linux-gnu/libc/usr/lib/../lib64/crt1.o
 .rela.text.diffreg
                0x0000000000404450        0x0 /usr/local/arm64/gcc-arm-10.3-2021.07-x86_64-aarch64-none-linux-gnu/bin/../aarch64-none-linux-gnu/libc/usr/lib/../lib64/crt1.o
 .rela.text.diff_main
                0x0000000000404450        0x0 /usr/local/arm64/gcc-arm-10.3-2021.07-x86_64-aarch64-none-linux-gnu/bin/../aarch64-none-linux-gnu/libc/usr/lib/../lib64/crt1.o
 .rela.text.printLines.isra.0
                0x0000000000404450        0x0 /usr/local/arm64/gcc-arm-10.3-2021.07-x86_64-aarch64-none-linux-gnu/bin/../aarch64-none-linux-gnu/libc/usr/lib/../lib64/crt1.o
 .rela.text.patch_main
                0x0000000000404450        0x0 /usr/local/arm64/gcc-arm-10.3-2021.07-x86_64-aarch64-none-linux-gnu/bin/../aarch64-none-linux-gnu/libc/usr/lib/../lib64/crt1.o
 .rela.text.get_next_line
                0x0000000000404450        0x0 /usr/local/arm64/gcc-arm-10.3-2021.07-x86_64-aarch64-none-linux-gnu/bin/../aarch64-none-linux-gnu/libc/usr/lib/../lib64/crt1.o
 .rela.text.sed_main
                0x0000000000404450        0x0 /usr/local/arm64/gcc-arm-10.3-2021.07-x86_64-aarch64-none-linux-gnu/bin/../aarch64-none-linux-gnu/libc/usr/lib/../lib64/crt1.o
 .rela.text.write1
                0x0000000000404450        0x0 /usr/local/arm64/gcc-arm-10.3-2021.07-x86_64-aarch64-none-linux-gnu/bin/../aarch64-none-linux-gnu/libc/usr/lib/../lib64/crt1.o
 .rela.text.refresh
                0x0000000000404450        0x0 /usr/local/arm64/gcc-arm-10.3-2021.07-x86_64-aarch64-none-linux-gnu/bin/../aarch64-none-linux-gnu/libc/usr/lib/../lib64/crt1.o
 .rela.text.colon
                0x0000000000404450        0x0 /usr/local/arm64/gcc-arm-10.3-2021.07-x86_64-aarch64-none-linux-gnu/bin/../aarch64-none-linux-gnu/libc/usr/lib/../lib64/crt1.o
 .rela.text.vi_main
                0x0000000000404450        0x0 /usr/local/arm64/gcc-arm-10.3-2021.07-x86_64-aarch64-none-linux-gnu/bin/../aarch64-none-linux-gnu/libc/usr/lib/../lib64/crt1.o
 .rela.text.grep_main
                0x0000000000404450        0x0 /usr/local/arm64/gcc-arm-10.3-2021.07-x86_64-aarch64-none-linux-gnu/bin/../aarch64-none-linux-gnu/libc/usr/lib/../lib64/crt1.o
 .rela.text.xargs_main
                0x0000000000404450        0x0 /usr/local/arm64/gcc-arm-10.3-2021.07-x86_64-aarch64-none-linux-gnu/bin/../aarch64-none-linux-gnu/libc/usr/lib/../lib64/crt1.o
 .rela.text.bb_ask_y_confirmation
                0x0000000000404450        0x0 /usr/local/arm64/gcc-arm-10.3-2021.07-x86_64-aarch64-none-linux-gnu/bin/../aarch64-none-linux-gnu/libc/usr/lib/../lib64/crt1.o
 .rela.text.bb_ask_noecho
                0x0000000000404450        0x0 /usr/local/arm64/gcc-arm-10.3-2021.07-x86_64-aarch64-none-linux-gnu/bin/../aarch64-none-linux-gnu/libc/usr/lib/../lib64/crt1.o
 .rela.text.ask_and_unlink
                0x0000000000404450        0x0 /usr/local/arm64/gcc-arm-10.3-2021.07-x86_64-aarch64-none-linux-gnu/bin/../aarch64-none-linux-gnu/libc/usr/lib/../lib64/crt1.o
 .rela.text.copy_file
                0x0000000000404450        0x0 /usr/local/arm64/gcc-arm-10.3-2021.07-x86_64-aarch64-none-linux-gnu/bin/../aarch64-none-linux-gnu/libc/usr/lib/../lib64/crt1.o
 .rela.text.next
                0x0000000000404450        0x0 /usr/local/arm64/gcc-arm-10.3-2021.07-x86_64-aarch64-none-linux-gnu/bin/../aarch64-none-linux-gnu/libc/usr/lib/../lib64/crt1.o
 .rela.text.bb_dump_dump
                0x0000000000404450        0x0 /usr/local/arm64/gcc-arm-10.3-2021.07-x86_64-aarch64-none-linux-gnu/bin/../aarch64-none-linux-gnu/libc/usr/lib/../lib64/crt1.o
 .rela.text.fclose_if_not_stdin
                0x0000000000404450        0x0 /usr/local/arm64/gcc-arm-10.3-2021.07-x86_64-aarch64-none-linux-gnu/bin/../aarch64-none-linux-gnu/libc/usr/lib/../lib64/crt1.o
 .rela.text.fflush_stdout_and_exit
                0x0000000000404450        0x0 /usr/local/arm64/gcc-arm-10.3-2021.07-x86_64-aarch64-none-linux-gnu/bin/../aarch64-none-linux-gnu/libc/usr/lib/../lib64/crt1.o
 .rela.text.vgetopt32
                0x0000000000404450        0x0 /usr/local/arm64/gcc-arm-10.3-2021.07-x86_64-aarch64-none-linux-gnu/bin/../aarch64-none-linux-gnu/libc/usr/lib/../lib64/crt1.o
 .rela.text.put_prompt_custom
                0x0000000000404450        0x0 /usr/local/arm64/gcc-arm-10.3-2021.07-x86_64-aarch64-none-linux-gnu/bin/../aarch64-none-linux-gnu/libc/usr/lib/../lib64/crt1.o
 .rela.text.put_cur_glyph_and_inc_cursor
                0x0000000000404450        0x0 /usr/local/arm64/gcc-arm-10.3-2021.07-x86_64-aarch64-none-linux-gnu/bin/../aarch64-none-linux-gnu/libc/usr/lib/../lib64/crt1.o
 .rela.text.read_line_input
                0x0000000000404450        0x0 /usr/local/arm64/gcc-arm-10.3-2021.07-x86_64-aarch64-none-linux-gnu/bin/../aarch64-none-linux-gnu/libc/usr/lib/../lib64/crt1.o
 .rela.text.print_login_issue
                0x0000000000404450        0x0 /usr/local/arm64/gcc-arm-10.3-2021.07-x86_64-aarch64-none-linux-gnu/bin/../aarch64-none-linux-gnu/libc/usr/lib/../lib64/crt1.o
 .rela.text.print_login_prompt
                0x0000000000404450        0x0 /usr/local/arm64/gcc-arm-10.3-2021.07-x86_64-aarch64-none-linux-gnu/bin/../aarch64-none-linux-gnu/libc/usr/lib/../lib64/crt1.o
 .rela.text.print_numbered_lines
                0x0000000000404450        0x0 /usr/local/arm64/gcc-arm-10.3-2021.07-x86_64-aarch64-none-linux-gnu/bin/../aarch64-none-linux-gnu/libc/usr/lib/../lib64/crt1.o
 .rela.text.bb_progress_update
                0x0000000000404450        0x0 /usr/local/arm64/gcc-arm-10.3-2021.07-x86_64-aarch64-none-linux-gnu/bin/../aarch64-none-linux-gnu/libc/usr/lib/../lib64/crt1.o
 .rela.text.recursive_action1
                0x0000000000404450        0x0 /usr/local/arm64/gcc-arm-10.3-2021.07-x86_64-aarch64-none-linux-gnu/bin/../aarch64-none-linux-gnu/libc/usr/lib/../lib64/crt1.o
 .rela.text.remove_file
                0x0000000000404450        0x0 /usr/local/arm64/gcc-arm-10.3-2021.07-x86_64-aarch64-none-linux-gnu/bin/../aarch64-none-linux-gnu/libc/usr/lib/../lib64/crt1.o
 .rela.text.fopen_or_warn_stdin
                0x0000000000404450        0x0 /usr/local/arm64/gcc-arm-10.3-2021.07-x86_64-aarch64-none-linux-gnu/bin/../aarch64-none-linux-gnu/libc/usr/lib/../lib64/crt1.o
 .rela.text.get_sock_lsa
                0x0000000000404450        0x0 /usr/local/arm64/gcc-arm-10.3-2021.07-x86_64-aarch64-none-linux-gnu/bin/../aarch64-none-linux-gnu/libc/usr/lib/../lib64/crt1.o
 .rela.text.get_peer_lsa
                0x0000000000404450        0x0 /usr/local/arm64/gcc-arm-10.3-2021.07-x86_64-aarch64-none-linux-gnu/bin/../aarch64-none-linux-gnu/libc/usr/lib/../lib64/crt1.o
 .rela.text     0x0000000000404450        0x0 /usr/local/arm64/gcc-arm-10.3-2021.07-x86_64-aarch64-none-linux-gnu/bin/../aarch64-none-linux-gnu/libc/usr/lib/../lib64/crt1.o
 *(SORT_BY_ALIGNMENT(.rela.fini))
 *(SORT_BY_ALIGNMENT(.rela.rodata) SORT_BY_ALIGNMENT(.rela.rodata.*) SORT_BY_ALIGNMENT(.rela.gnu.linkonce.r.*))
 .rela.rodata.cst8
                0x0000000000404450        0x0 /usr/local/arm64/gcc-arm-10.3-2021.07-x86_64-aarch64-none-linux-gnu/bin/../aarch64-none-linux-gnu/libc/usr/lib/../lib64/crt1.o
 *(SORT_BY_ALIGNMENT(.rela.data) SORT_BY_ALIGNMENT(.rela.data.*) SORT_BY_ALIGNMENT(.rela.gnu.linkonce.d.*))
 .rela.data.rel.ro
                0x0000000000404450        0x0 /usr/local/arm64/gcc-arm-10.3-2021.07-x86_64-aarch64-none-linux-gnu/bin/../aarch64-none-linux-gnu/libc/usr/lib/../lib64/crt1.o
 *(SORT_BY_ALIGNMENT(.rela.tdata) SORT_BY_ALIGNMENT(.rela.tdata.*) SORT_BY_ALIGNMENT(.rela.gnu.linkonce.td.*))
 *(SORT_BY_ALIGNMENT(.rela.tbss) SORT_BY_ALIGNMENT(.rela.tbss.*) SORT_BY_ALIGNMENT(.rela.gnu.linkonce.tb.*))
 *(SORT_BY_ALIGNMENT(.rela.ctors))
 *(SORT_BY_ALIGNMENT(.rela.dtors))
 *(SORT_BY_ALIGNMENT(.rela.got))
 .rela.got      0x0000000000404450       0x18 /usr/local/arm64/gcc-arm-10.3-2021.07-x86_64-aarch64-none-linux-gnu/bin/../aarch64-none-linux-gnu/libc/usr/lib/../lib64/crt1.o
 *(SORT_BY_ALIGNMENT(.rela.bss) SORT_BY_ALIGNMENT(.rela.bss.*) SORT_BY_ALIGNMENT(.rela.gnu.linkonce.b.*))
 .rela.bss      0x0000000000404468       0xc0 /usr/local/arm64/gcc-arm-10.3-2021.07-x86_64-aarch64-none-linux-gnu/bin/../aarch64-none-linux-gnu/libc/usr/lib/../lib64/crt1.o
 *(SORT_BY_ALIGNMENT(.rela.ifunc))

.rela.plt       0x0000000000404528     0x2418
 *(SORT_BY_ALIGNMENT(.rela.plt))
 .rela.plt      0x0000000000404528     0x2418 /usr/local/arm64/gcc-arm-10.3-2021.07-x86_64-aarch64-none-linux-gnu/bin/../aarch64-none-linux-gnu/libc/usr/lib/../lib64/crt1.o
                [!provide]                        PROVIDE (__rela_iplt_start = .)
 *(SORT_BY_ALIGNMENT(.rela.iplt))
 .rela.iplt     0x0000000000406940        0x0 /usr/local/arm64/gcc-arm-10.3-2021.07-x86_64-aarch64-none-linux-gnu/bin/../aarch64-none-linux-gnu/libc/usr/lib/../lib64/crt1.o
                [!provide]                        PROVIDE (__rela_iplt_end = .)

.init           0x0000000000406940       0x18
 *(SORT_NONE(.init))
 .init          0x0000000000406940       0x10 /usr/local/arm64/gcc-arm-10.3-2021.07-x86_64-aarch64-none-linux-gnu/bin/../aarch64-none-linux-gnu/libc/usr/lib/../lib64/crti.o
                0x0000000000406940                _init
 .init          0x0000000000406950        0x8 /usr/local/arm64/gcc-arm-10.3-2021.07-x86_64-aarch64-none-linux-gnu/bin/../aarch64-none-linux-gnu/libc/usr/lib/../lib64/crtn.o

.plt            0x0000000000406960     0x1830
 *(SORT_BY_ALIGNMENT(.plt))
 .plt           0x0000000000406960     0x1830 /usr/local/arm64/gcc-arm-10.3-2021.07-x86_64-aarch64-none-linux-gnu/bin/../aarch64-none-linux-gnu/libc/usr/lib/../lib64/crt1.o
                0x0000000000406980                memcpy@@GLIBC_2.17
                0x0000000000406990                freopen64@@GLIBC_2.17
                0x00000000004069a0                personality@@GLIBC_2.17
                0x00000000004069b0                memmove@@GLIBC_2.17
                0x00000000004069c0                tcflush@@GLIBC_2.17
                0x00000000004069d0                getifaddrs@@GLIBC_2.17
                0x00000000004069e0                sendto@@GLIBC_2.17
                0x00000000004069f0                atan2@@GLIBC_2.17
                0x0000000000406a00                recvmsg@@GLIBC_2.17
                0x0000000000406a10                _exit@@GLIBC_2.17
                0x0000000000406a20                getcwd@@GLIBC_2.17
                0x0000000000406a30                freeaddrinfo@@GLIBC_2.17
                0x0000000000406a40                pututxline@@GLIBC_2.17
                0x0000000000406a50                removexattr@@GLIBC_2.17
                0x0000000000406a60                setuid@@GLIBC_2.17
                0x0000000000406a70                strtoul@@GLIBC_2.17
                0x0000000000406a80                strlen@@GLIBC_2.17
                0x0000000000406a90                getpeername@@GLIBC_2.17
                0x0000000000406aa0                getsid@@GLIBC_2.17
                0x0000000000406ab0                fputs@@GLIBC_2.17
                0x0000000000406ac0                atoll@@GLIBC_2.17
                0x0000000000406ad0                syslog@@GLIBC_2.17
                0x0000000000406ae0                exit@@GLIBC_2.17
                0x0000000000406af0                _setjmp@@GLIBC_2.17
                0x0000000000406b00                raise@@GLIBC_2.17
                0x0000000000406b10                dup@@GLIBC_2.17
                0x0000000000406b20                __h_errno_location@@GLIBC_2.17
                0x0000000000406b30                mount@@GLIBC_2.17
                0x0000000000406b40                __libc_current_sigrtmax@@GLIBC_2.17
                0x0000000000406b50                fchdir@@GLIBC_2.17
                0x0000000000406b60                tcsetpgrp@@GLIBC_2.17
                0x0000000000406b70                execle@@GLIBC_2.17
                0x0000000000406b80                execl@@GLIBC_2.17
                0x0000000000406b90                __cmsg_nxthdr@@GLIBC_2.17
                0x0000000000406ba0                listen@@GLIBC_2.17
                0x0000000000406bb0                getegid@@GLIBC_2.17
                0x0000000000406bc0                shmdt@@GLIBC_2.17
                0x0000000000406bd0                strtoll@@GLIBC_2.17
                0x0000000000406be0                getnameinfo@@GLIBC_2.17
                0x0000000000406bf0                fdatasync@@GLIBC_2.17
                0x0000000000406c00                sigprocmask@@GLIBC_2.17
                0x0000000000406c10                daemon@@GLIBC_2.17
                0x0000000000406c20                strnlen@@GLIBC_2.17
                0x0000000000406c30                strtod@@GLIBC_2.17
                0x0000000000406c40                cfgetospeed@@GLIBC_2.17
                0x0000000000406c50                geteuid@@GLIBC_2.17
                0x0000000000406c60                getchar_unlocked@@GLIBC_2.17
                0x0000000000406c70                setbuf@@GLIBC_2.17
                0x0000000000406c80                pause@@GLIBC_2.17
                0x0000000000406c90                semctl@@GLIBC_2.17
                0x0000000000406ca0                swapoff@@GLIBC_2.17
                0x0000000000406cb0                __sigsetjmp@@GLIBC_2.17
                0x0000000000406cc0                setutxent@@GLIBC_2.17
                0x0000000000406cd0                sendfile64@@GLIBC_2.17
                0x0000000000406ce0                getresuid@@GLIBC_2.17
                0x0000000000406cf0                ether_hostton@@GLIBC_2.17
                0x0000000000406d00                getrlimit64@@GLIBC_2.17
                0x0000000000406d10                sysinfo@@GLIBC_2.17
                0x0000000000406d20                localtime_r@@GLIBC_2.17
                0x0000000000406d30                ns_initparse@@GLIBC_2.17
                0x0000000000406d40                sigsuspend@@GLIBC_2.17
                0x0000000000406d50                ttyname_r@@GLIBC_2.17
                0x0000000000406d60                bind@@GLIBC_2.17
                0x0000000000406d70                sigtimedwait@@GLIBC_2.17
                0x0000000000406d80                setenv@@GLIBC_2.17
                0x0000000000406d90                semget@@GLIBC_2.17
                0x0000000000406da0                readlink@@GLIBC_2.17
                0x0000000000406db0                fgets_unlocked@@GLIBC_2.17
                0x0000000000406dc0                ferror_unlocked@@GLIBC_2.17
                0x0000000000406dd0                sprintf@@GLIBC_2.17
                0x0000000000406de0                getuid@@GLIBC_2.17
                0x0000000000406df0                pipe@@GLIBC_2.17
                0x0000000000406e00                opendir@@GLIBC_2.17
                0x0000000000406e10                reboot@@GLIBC_2.17
                0x0000000000406e20                strftime@@GLIBC_2.17
                0x0000000000406e30                closelog@@GLIBC_2.17
                0x0000000000406e40                nice@@GLIBC_2.17
                0x0000000000406e50                fputc@@GLIBC_2.17
                0x0000000000406e60                pivot_root@@GLIBC_2.17
                0x0000000000406e70                clock_gettime@@GLIBC_2.17
                0x0000000000406e80                qsort@@GLIBC_2.17
                0x0000000000406e90                ctime@@GLIBC_2.17
                0x0000000000406ea0                mktemp@@GLIBC_2.17
                0x0000000000406eb0                inet_ntoa@@GLIBC_2.17
                0x0000000000406ec0                setvbuf@@GLIBC_2.17
                0x0000000000406ed0                kill@@GLIBC_2.17
                0x0000000000406ee0                asprintf@@GLIBC_2.17
                0x0000000000406ef0                unshare@@GLIBC_2.17
                0x0000000000406f00                fork@@GLIBC_2.17
                0x0000000000406f10                tcgetsid@@GLIBC_2.17
                0x0000000000406f20                sched_setscheduler@@GLIBC_2.17
                0x0000000000406f30                strptime@@GLIBC_2.17
                0x0000000000406f40                lstat64@@GLIBC_2.33
                0x0000000000406f50                getopt_long_only@@GLIBC_2.17
                0x0000000000406f60                pow@@GLIBC_2.29
                0x0000000000406f70                mkfifo@@GLIBC_2.17
                0x0000000000406f80                readahead@@GLIBC_2.17
                0x0000000000406f90                sigfillset@@GLIBC_2.17
                0x0000000000406fa0                pread64@@GLIBC_2.17
                0x0000000000406fb0                snprintf@@GLIBC_2.17
                0x0000000000406fc0                cfsetospeed@@GLIBC_2.17
                0x0000000000406fd0                gnu_dev_makedev@@GLIBC_2.17
                0x0000000000406fe0                tcgetattr@@GLIBC_2.17
                0x0000000000406ff0                umount2@@GLIBC_2.17
                0x0000000000407000                stpcpy@@GLIBC_2.17
                0x0000000000407010                capset@@GLIBC_2.17
                0x0000000000407020                putc_unlocked@@GLIBC_2.17
                0x0000000000407030                sqrt@@GLIBC_2.17
                0x0000000000407040                localtime@@GLIBC_2.17
                0x0000000000407050                msgctl@@GLIBC_2.17
                0x0000000000407060                signal@@GLIBC_2.17
                0x0000000000407070                klogctl@@GLIBC_2.17
                0x0000000000407080                ftruncate64@@GLIBC_2.17
                0x0000000000407090                fclose@@GLIBC_2.17
                0x00000000004070a0                fsync@@GLIBC_2.17
                0x00000000004070b0                wait3@@GLIBC_2.17
                0x00000000004070c0                atoi@@GLIBC_2.17
                0x00000000004070d0                semop@@GLIBC_2.17
                0x00000000004070e0                getpid@@GLIBC_2.17
                0x00000000004070f0                strtok_r@@GLIBC_2.17
                0x0000000000407100                ns_get32@@GLIBC_2.17
                0x0000000000407110                time@@GLIBC_2.17
                0x0000000000407120                malloc@@GLIBC_2.17
                0x0000000000407130                stat64@@GLIBC_2.33
                0x0000000000407140                setsockopt@@GLIBC_2.17
                0x0000000000407150                chmod@@GLIBC_2.17
                0x0000000000407160                mkstemp64@@GLIBC_2.17
                0x0000000000407170                poll@@GLIBC_2.17
                0x0000000000407180                tzset@@GLIBC_2.17
                0x0000000000407190                popen@@GLIBC_2.17
                0x00000000004071a0                __isoc99_fscanf@@GLIBC_2.17
                0x00000000004071b0                getppid@@GLIBC_2.17
                0x00000000004071c0                sigemptyset@@GLIBC_2.17
                0x00000000004071d0                strncmp@@GLIBC_2.17
                0x00000000004071e0                __libc_current_sigrtmin@@GLIBC_2.17
                0x00000000004071f0                recvfrom@@GLIBC_2.17
                0x0000000000407200                fileno_unlocked@@GLIBC_2.17
                0x0000000000407210                adjtimex@@GLIBC_2.17
                0x0000000000407220                __libc_start_main@@GLIBC_2.17
                0x0000000000407230                setxattr@@GLIBC_2.17
                0x0000000000407240                strverscmp@@GLIBC_2.17
                0x0000000000407250                strcat@@GLIBC_2.17
                0x0000000000407260                flock@@GLIBC_2.17
                0x0000000000407270                lremovexattr@@GLIBC_2.17
                0x0000000000407280                memset@@GLIBC_2.17
                0x0000000000407290                fdopen@@GLIBC_2.17
                0x00000000004072a0                tcdrain@@GLIBC_2.17
                0x00000000004072b0                strpbrk@@GLIBC_2.17
                0x00000000004072c0                gettimeofday@@GLIBC_2.17
                0x00000000004072d0                getopt@@GLIBC_2.17
                0x00000000004072e0                gmtime_r@@GLIBC_2.17
                0x00000000004072f0                shmat@@GLIBC_2.17
                0x0000000000407300                vfork@@GLIBC_2.17
                0x0000000000407310                getgroups@@GLIBC_2.17
                0x0000000000407320                lseek64@@GLIBC_2.17
                0x0000000000407330                sleep@@GLIBC_2.17
                0x0000000000407340                fchmod@@GLIBC_2.17
                0x0000000000407350                accept@@GLIBC_2.17
                0x0000000000407360                log@@GLIBC_2.29
                0x0000000000407370                fseeko64@@GLIBC_2.17
                0x0000000000407380                sendmsg@@GLIBC_2.17
                0x0000000000407390                atof@@GLIBC_2.17
                0x00000000004073a0                putchar_unlocked@@GLIBC_2.17
                0x00000000004073b0                div@@GLIBC_2.17
                0x00000000004073c0                lsetxattr@@GLIBC_2.17
                0x00000000004073d0                unlockpt@@GLIBC_2.17
                0x00000000004073e0                setmntent@@GLIBC_2.17
                0x00000000004073f0                endmntent@@GLIBC_2.17
                0x0000000000407400                dprintf@@GLIBC_2.17
                0x0000000000407410                bsearch@@GLIBC_2.17
                0x0000000000407420                execv@@GLIBC_2.17
                0x0000000000407430                strcasecmp@@GLIBC_2.17
                0x0000000000407440                gmtime@@GLIBC_2.17
                0x0000000000407450                realloc@@GLIBC_2.17
                0x0000000000407460                rewind@@GLIBC_2.17
                0x0000000000407470                getpagesize@@GLIBC_2.17
                0x0000000000407480                putenv@@GLIBC_2.17
                0x0000000000407490                updwtmpx@@GLIBC_2.17
                0x00000000004074a0                shutdown@@GLIBC_2.17
                0x00000000004074b0                sin@@GLIBC_2.17
                0x00000000004074c0                system@@GLIBC_2.17
                0x00000000004074d0                rand@@GLIBC_2.17
                0x00000000004074e0                strdup@@GLIBC_2.17
                0x00000000004074f0                closedir@@GLIBC_2.17
                0x0000000000407500                getc_unlocked@@GLIBC_2.17
                0x0000000000407510                strerror@@GLIBC_2.17
                0x0000000000407520                sched_get_priority_max@@GLIBC_2.17
                0x0000000000407530                close@@GLIBC_2.17
                0x0000000000407540                ns_parserr@@GLIBC_2.17
                0x0000000000407550                statfs64@@GLIBC_2.17
                0x0000000000407560                sigaction@@GLIBC_2.17
                0x0000000000407570                strrchr@@GLIBC_2.17
                0x0000000000407580                tcgetpgrp@@GLIBC_2.17
                0x0000000000407590                recv@@GLIBC_2.17
                0x00000000004075b0                mktime@@GLIBC_2.17
                0x00000000004075c0                write@@GLIBC_2.17
                0x00000000004075d0                mknod@@GLIBC_2.33
                0x00000000004075e0                mkdtemp@@GLIBC_2.17
                0x00000000004075f0                glob64@@GLIBC_2.27
                0x0000000000407600                abort@@GLIBC_2.17
                0x0000000000407610                openlog@@GLIBC_2.17
                0x0000000000407620                sched_getaffinity@@GLIBC_2.17
                0x0000000000407630                setegid@@GLIBC_2.17
                0x0000000000407640                setgid@@GLIBC_2.17
                0x0000000000407650                gethostid@@GLIBC_2.17
                0x0000000000407660                access@@GLIBC_2.17
                0x0000000000407670                getservbyport@@GLIBC_2.17
                0x0000000000407680                gnu_dev_major@@GLIBC_2.17
                0x0000000000407690                puts@@GLIBC_2.17
                0x00000000004076a0                memcmp@@GLIBC_2.17
                0x00000000004076b0                freeifaddrs@@GLIBC_2.17
                0x00000000004076c0                strsep@@GLIBC_2.17
                0x00000000004076d0                execvp@@GLIBC_2.17
                0x00000000004076e0                getopt_long@@GLIBC_2.17
                0x00000000004076f0                getpriority@@GLIBC_2.17
                0x0000000000407700                sigismember@@GLIBC_2.17
                0x0000000000407710                msgget@@GLIBC_2.17
                0x0000000000407720                strcmp@@GLIBC_2.17
                0x0000000000407730                creat64@@GLIBC_2.17
                0x0000000000407740                ftello64@@GLIBC_2.17
                0x0000000000407750                shmctl@@GLIBC_2.17
                0x0000000000407760                rmdir@@GLIBC_2.17
                0x0000000000407770                setrlimit64@@GLIBC_2.17
                0x0000000000407780                lchown@@GLIBC_2.17
                0x0000000000407790                strtol@@GLIBC_2.17
                0x00000000004077a0                posix_fallocate64@@GLIBC_2.17
                0x00000000004077b0                sched_yield@@GLIBC_2.17
                0x00000000004077c0                fread@@GLIBC_2.17
                0x00000000004077d0                setpgid@@GLIBC_2.17
                0x00000000004077e0                utmpxname@@GLIBC_2.17
                0x00000000004077f0                getline@@GLIBC_2.17
                0x0000000000407800                sched_setaffinity@@GLIBC_2.17
                0x0000000000407810                gethostbyaddr@@GLIBC_2.17
                0x0000000000407820                cfsetspeed@@GLIBC_2.17
                0x0000000000407830                hstrerror@@GLIBC_2.17
                0x0000000000407840                statvfs64@@GLIBC_2.17
                0x0000000000407850                clock_settime@@GLIBC_2.17
                0x0000000000407860                chdir@@GLIBC_2.17
                0x0000000000407870                free@@GLIBC_2.17
                0x0000000000407880                inet_pton@@GLIBC_2.17
                0x0000000000407890                sched_get_priority_min@@GLIBC_2.17
                0x00000000004078a0                lutimes@@GLIBC_2.17
                0x00000000004078b0                sync@@GLIBC_2.17
                0x00000000004078c0                ungetc@@GLIBC_2.17
                0x00000000004078d0                sigisemptyset@@GLIBC_2.17
                0x00000000004078e0                getgid@@GLIBC_2.17
                0x00000000004078f0                endutxent@@GLIBC_2.17
                0x0000000000407900                sched_getscheduler@@GLIBC_2.17
                0x0000000000407910                shmget@@GLIBC_2.17
                0x0000000000407920                getpgrp@@GLIBC_2.17
                0x0000000000407930                readdir64@@GLIBC_2.17
                0x0000000000407940                symlink@@GLIBC_2.17
                0x0000000000407950                ns_get16@@GLIBC_2.17
                0x0000000000407960                strncasecmp@@GLIBC_2.17
                0x0000000000407970                nanosleep@@GLIBC_2.17
                0x0000000000407980                vasprintf@@GLIBC_2.17
                0x0000000000407990                siglongjmp@@GLIBC_2.17
                0x00000000004079a0                send@@GLIBC_2.17
                0x00000000004079b0                sethostname@@GLIBC_2.17
                0x00000000004079c0                hasmntopt@@GLIBC_2.17
                0x00000000004079d0                connect@@GLIBC_2.17
                0x00000000004079e0                strndup@@GLIBC_2.17
                0x00000000004079f0                strspn@@GLIBC_2.17
                0x0000000000407a00                killpg@@GLIBC_2.17
                0x0000000000407a10                strchr@@GLIBC_2.17
                0x0000000000407a20                feof_unlocked@@GLIBC_2.17
                0x0000000000407a30                seteuid@@GLIBC_2.17
                0x0000000000407a40                strtoull@@GLIBC_2.17
                0x0000000000407a50                mallopt@@GLIBC_2.17
                0x0000000000407a60                getusershell@@GLIBC_2.17
                0x0000000000407a70                setitimer@@GLIBC_2.17
                0x0000000000407a80                execve@@GLIBC_2.17
                0x0000000000407a90                setpgrp@@GLIBC_2.17
                0x0000000000407aa0                globfree64@@GLIBC_2.17
                0x0000000000407ab0                memrchr@@GLIBC_2.17
                0x0000000000407ac0                tcsendbreak@@GLIBC_2.17
                0x0000000000407ad0                rename@@GLIBC_2.17
                0x0000000000407ae0                fwrite@@GLIBC_2.17
                0x0000000000407af0                __isoc99_scanf@@GLIBC_2.17
                0x0000000000407b00                fnmatch@@GLIBC_2.17
                0x0000000000407b10                dirname@@GLIBC_2.17
                0x0000000000407b20                times@@GLIBC_2.17
                0x0000000000407b30                fcntl64@@GLIBC_2.28
                0x0000000000407b40                sched_getparam@@GLIBC_2.17
                0x0000000000407b50                wait@@GLIBC_2.17
                0x0000000000407b60                setgroups@@GLIBC_2.17
                0x0000000000407b70                clearerr@@GLIBC_2.17
                0x0000000000407b80                socket@@GLIBC_2.17
                0x0000000000407b90                munmap@@GLIBC_2.17
                0x0000000000407ba0                fflush@@GLIBC_2.17
                0x0000000000407bb0                gnu_dev_minor@@GLIBC_2.17
                0x0000000000407bc0                strcpy@@GLIBC_2.17
                0x0000000000407bd0                chroot@@GLIBC_2.17
                0x0000000000407be0                swapon@@GLIBC_2.17
                0x0000000000407bf0                syncfs@@GLIBC_2.17
                0x0000000000407c00                unsetenv@@GLIBC_2.17
                0x0000000000407c10                fopen64@@GLIBC_2.17
                0x0000000000407c20                getsockopt@@GLIBC_2.17
                0x0000000000407c30                setns@@GLIBC_2.17
                0x0000000000407c40                mlock@@GLIBC_2.17
                0x0000000000407c50                getaddrinfo@@GLIBC_2.17
                0x0000000000407c60                read@@GLIBC_2.17
                0x0000000000407c70                memchr@@GLIBC_2.17
                0x0000000000407c80                tcsetattr@@GLIBC_2.17
                0x0000000000407c90                getresgid@@GLIBC_2.17
                0x0000000000407ca0                isatty@@GLIBC_2.17
                0x0000000000407cb0                sysconf@@GLIBC_2.17
                0x0000000000407cc0                cfgetispeed@@GLIBC_2.17
                0x0000000000407cd0                ptsname_r@@GLIBC_2.17
                0x0000000000407ce0                open64@@GLIBC_2.17
                0x0000000000407cf0                getmntent_r@@GLIBC_2.17
                0x0000000000407d00                fputc_unlocked@@GLIBC_2.17
                0x0000000000407d10                select@@GLIBC_2.17
                0x0000000000407d20                vprintf@@GLIBC_2.17